07-27 11:23:27.353 I/GK      (  567): MSG_SET_TOP_APP_HIDES_STATUS_BAR --false
07-27 11:23:27.354 I/GK      (  567): MSG_TOP_APP_WINDOW_CHANGED
07-27 11:23:27.355 E/ActivityManager(  393): getPackageFerformanceMode--ComponentInfo{com.study.heguodong/com.study.heguodong.MainActivity}----com.study.heguodong
07-27 11:23:27.356 I/GK      (  567): MSG_APP_TRANSITION_PENDING
07-27 11:23:27.367 I/GK      (  567): MSG_SET_TOP_APP_HIDES_STATUS_BAR --false
07-27 11:23:27.367 I/GK      (  567): MSG_TOP_APP_WINDOW_CHANGED
07-27 11:23:27.369 I/GK      (  567): MSG_SET_TOP_APP_HIDES_STATUS_BAR --false
07-27 11:23:27.370 I/ActivityManager(  393): Start proc 4185:com.study.heguodong/u0a87 for activity com.study.heguodong/.MainActivity
07-27 11:23:27.371 I/GK      (  567): MSG_TOP_APP_WINDOW_CHANGED
07-27 11:23:27.374 I/zygote  ( 4185): Late-enabling -Xcheck:jni
07-27 11:23:27.384 I/[Gralloc](  259): Got fd 12 for handle 1
07-27 11:23:27.385 I/[Gralloc](  259): leave, w : 1152, h : 583, format : 0x1,internal_format : 0x1, usage : 0x333. size=2686464,pixel_stride=1152,byte_stride=4608
07-27 11:23:27.385 I/[Gralloc](  259): leave: prime_fd=12,share_attr_fd=13
07-27 11:23:27.385 I/[Gralloc](  393): Got handle 4 for fd 249
07-27 11:23:27.385 I/[Gralloc](  393): leave, w : 1152, h : 583, format : 0x1,internal_format : 0x1, usage : 0x333. size=2686464,pixel_stride=1152,byte_stride=4608
07-27 11:23:27.385 I/[Gralloc](  393): leave: prime_fd=249,share_attr_fd=251
07-27 11:23:27.385 I/[Gralloc](  269): Got handle 6 for fd 135
07-27 11:23:27.385 I/[Gralloc](  269): leave, w : 1152, h : 583, format : 0x1,internal_format : 0x1, usage : 0x333. size=2686464,pixel_stride=1152,byte_stride=4608
07-27 11:23:27.386 I/[Gralloc](  269): leave: prime_fd=135,share_attr_fd=139
07-27 11:23:27.412 I/[Gralloc](  259): Got fd 12 for handle 1
07-27 11:23:27.413 I/[Gralloc](  259): leave, w : 1920, h : 1080, format : 0x1,internal_format : 0x1, usage : 0x933. size=8294400,pixel_stride=1920,byte_stride=7680
07-27 11:23:27.414 I/[Gralloc](  259): leave: prime_fd=12,share_attr_fd=13
07-27 11:23:27.414 I/[Gralloc](  269): Got handle 6 for fd 131
07-27 11:23:27.414 I/[Gralloc](  269): leave, w : 1920, h : 1080, format : 0x1,internal_format : 0x1, usage : 0x933. size=8294400,pixel_stride=1920,byte_stride=7680
07-27 11:23:27.414 I/[Gralloc](  269): leave: prime_fd=131,share_attr_fd=132
07-27 11:23:27.415 I/[Gralloc](  393): Got handle 5 for fd 264
07-27 11:23:27.415 I/[Gralloc](  393): leave, w : 1920, h : 1080, format : 0x1,internal_format : 0x1, usage : 0x933. size=8294400,pixel_stride=1920,byte_stride=7680
07-27 11:23:27.415 I/[Gralloc](  393): leave: prime_fd=264,share_attr_fd=265
07-27 11:23:27.436 I/GK      (  567): MSG_SET_TOP_APP_HIDES_STATUS_BAR --false
07-27 11:23:27.436 I/GK      (  567): MSG_TOP_APP_WINDOW_CHANGED
07-27 11:23:27.440 I/GK      (  567): MSG_SET_TOP_APP_HIDES_STATUS_BAR --false
07-27 11:23:27.441 I/GK      (  567): MSG_TOP_APP_WINDOW_CHANGED
07-27 11:23:27.448 I/GK      (  567): MSG_SET_TOP_APP_HIDES_STATUS_BAR --false
07-27 11:23:27.452 I/GK      (  567): MSG_APP_TRANSITION_STARTING
07-27 11:23:27.452 I/GK      (  567): MSG_SET_TOP_APP_HIDES_STATUS_BAR --false
07-27 11:23:27.455 I/GK      (  567): MSG_TOP_APP_WINDOW_CHANGED
07-27 11:23:27.456 I/GK      (  567): MSG_TOP_APP_WINDOW_CHANGED
07-27 11:23:27.467 I/GK      (  567): MSG_SET_TOP_APP_HIDES_STATUS_BAR --false
07-27 11:23:27.467 I/GK      (  567): MSG_TOP_APP_WINDOW_CHANGED
07-27 11:23:27.476 W/asset   (  567): Asset path /data/app/com.study.heguodong.app2-VDQ_eibxDcJZMMEpVmwSJQ==/base.apk is neither a directory nor file (type=1).
07-27 11:23:27.476 E/ResourcesManager(  567): failed to add asset path /data/app/com.study.heguodong.app2-VDQ_eibxDcJZMMEpVmwSJQ==/base.apk
07-27 11:23:27.476 W/PackageManager(  567): Failure retrieving resources for com.study.heguodong.app2
07-27 11:23:27.477 W/asset   (  567): Asset path /data/app/com.study.heguodong.app2-VDQ_eibxDcJZMMEpVmwSJQ==/base.apk is neither a directory nor file (type=1).
07-27 11:23:27.477 E/ResourcesManager(  567): failed to add asset path /data/app/com.study.heguodong.app2-VDQ_eibxDcJZMMEpVmwSJQ==/base.apk
07-27 11:23:27.477 W/PackageManager(  567): Failure retrieving resources for com.study.heguodong.app2
07-27 11:23:27.477 W/asset   (  567): Asset path /data/app/com.study.heguodong.app2-VDQ_eibxDcJZMMEpVmwSJQ==/base.apk is neither a directory nor file (type=1).
07-27 11:23:27.477 E/ResourcesManager(  567): failed to add asset path /data/app/com.study.heguodong.app2-VDQ_eibxDcJZMMEpVmwSJQ==/base.apk
07-27 11:23:27.477 W/PackageManager(  567): Failure retrieving resources for com.study.heguodong.app2
07-27 11:23:27.478 W/asset   (  567): Asset path /data/app/com.study.heguodong-GH4KCFxkNyTsq8OaOTigaQ==/base.apk is neither a directory nor file (type=1).
07-27 11:23:27.478 E/ResourcesManager(  567): failed to add asset path /data/app/com.study.heguodong-GH4KCFxkNyTsq8OaOTigaQ==/base.apk
07-27 11:23:27.478 W/PackageManager(  567): Failure retrieving resources for com.study.heguodong
07-27 11:23:27.478 W/asset   (  567): Asset path /data/app/com.study.heguodong-GH4KCFxkNyTsq8OaOTigaQ==/base.apk is neither a directory nor file (type=1).
07-27 11:23:27.478 E/ResourcesManager(  567): failed to add asset path /data/app/com.study.heguodong-GH4KCFxkNyTsq8OaOTigaQ==/base.apk
07-27 11:23:27.478 W/PackageManager(  567): Failure retrieving resources for com.study.heguodong
07-27 11:23:27.478 W/asset   (  567): Asset path /data/app/com.study.heguodong-GH4KCFxkNyTsq8OaOTigaQ==/base.apk is neither a directory nor file (type=1).
07-27 11:23:27.479 E/ResourcesManager(  567): failed to add asset path /data/app/com.study.heguodong-GH4KCFxkNyTsq8OaOTigaQ==/base.apk
07-27 11:23:27.479 W/PackageManager(  567): Failure retrieving resources for com.study.heguodong
07-27 11:23:27.486 W/asset   (  567): Asset path /data/app/com.study.heguodong.app2-VDQ_eibxDcJZMMEpVmwSJQ==/base.apk is neither a directory nor file (type=1).
07-27 11:23:27.486 E/ResourcesManager(  567): failed to add asset path /data/app/com.study.heguodong.app2-VDQ_eibxDcJZMMEpVmwSJQ==/base.apk
07-27 11:23:27.486 W/PackageManager(  567): Failure retrieving resources for com.study.heguodong.app2
07-27 11:23:27.491 E/BufferQueueProducer(  269): [com.study.heguodong.app2/com.study.heguodong.app2.MainActivity#0] disconnect: not connected (req=1)
07-27 11:23:27.492 W/libEGL  ( 4095): EGLNativeWindowType 0xa657f008 disconnect failed
07-27 11:23:27.497 I/GK      (  567): MSG_SET_TOP_APP_HIDES_STATUS_BAR --false
07-27 11:23:27.498 I/GK      (  567): MSG_TOP_APP_WINDOW_CHANGED
07-27 11:23:27.710 D/OpenGLRenderer( 4185): HWUI GL Pipeline
07-27 11:23:27.768 I/[Gralloc](  260): Got handle 1 for fd 46
07-27 11:23:27.768 I/[Gralloc](  260): leave, w : 1920, h : 1080, format : 0x1,internal_format : 0x1, usage : 0x933. size=8294400,pixel_stride=1920,byte_stride=7680
07-27 11:23:27.768 I/[Gralloc](  260): leave: prime_fd=46,share_attr_fd=61
07-27 11:23:27.773 I/GK      (  567): MSG_SET_TOP_APP_HIDES_STATUS_BAR --false
07-27 11:23:27.773 I/GK      (  567): MSG_TOP_APP_WINDOW_CHANGED
07-27 11:23:27.779 I/GK      (  567): MSG_TOP_APP_WINDOW_CHANGED
07-27 11:23:27.779 I/GK      (  567): MSG_SET_TOP_APP_HIDES_STATUS_BAR --false
07-27 11:23:27.780 I/GK      (  567): MSG_TOP_APP_WINDOW_CHANGED
07-27 11:23:27.794 I/mali_so ( 4185): [File] : hardware/rockchip/mali/mali_so_src_of_midgard/driver/product/base/src/mali_base_kbase.c; [Line] : 876; [Func] : base_context_deal_with_version_affairs_rk_ext;
07-27 11:23:27.794 I/mali_so ( 4185): arm_release_ver of this mali_so is 'r18p0-01rel0', rk_so_ver is '9@0'.
07-27 11:23:27.794 D/mali_so ( 4185): [File] : hardware/rockchip/mali/mali_so_src_of_midgard/driver/product/base/src/mali_base_kbase.c; [Line] : 881; [Func] : base_context_deal_with_version_affairs_rk_ext;
07-27 11:23:27.794 D/mali_so ( 4185): current process is NOT sf, to bail out.
07-27 11:23:27.800 I/[Gralloc](  259): Got fd 12 for handle 1
07-27 11:23:27.802 I/[Gralloc](  259): leave, w : 1920, h : 1080, format : 0x1,internal_format : 0x1, usage : 0x900. size=8294400,pixel_stride=1920,byte_stride=7680
07-27 11:23:27.802 I/[Gralloc](  259): leave: prime_fd=12,share_attr_fd=13
07-27 11:23:27.803 I/[Gralloc](  269): Got handle 7 for fd 98
07-27 11:23:27.803 I/[Gralloc](  269): leave, w : 1920, h : 1080, format : 0x1,internal_format : 0x1, usage : 0x900. size=8294400,pixel_stride=1920,byte_stride=7680
07-27 11:23:27.803 I/[Gralloc](  269): leave: prime_fd=98,share_attr_fd=100
07-27 11:23:27.811 I/com.study.heguodong( 4185): android::hardware::configstore::V1_0::ISurfaceFlingerConfigs::hasWideColorDisplay retrieved: 0
07-27 11:23:27.811 I/OpenGLRenderer( 4185): Initialized EGL, version 1.4
07-27 11:23:27.811 D/OpenGLRenderer( 4185): Swap behavior 0
07-27 11:23:27.822 I/[Gralloc](  259): Got fd 12 for handle 1
07-27 11:23:27.824 I/[Gralloc](  259): leave, w : 1920, h : 1080, format : 0x1,internal_format : 0x1, usage : 0x900. size=8294400,pixel_stride=1920,byte_stride=7680
07-27 11:23:27.824 I/[Gralloc](  259): leave: prime_fd=12,share_attr_fd=13
07-27 11:23:27.824 I/[Gralloc](  269): Got handle 8 for fd 96
07-27 11:23:27.824 I/[Gralloc](  269): leave, w : 1920, h : 1080, format : 0x1,internal_format : 0x1, usage : 0x900. size=8294400,pixel_stride=1920,byte_stride=7680
07-27 11:23:27.824 I/[Gralloc](  269): leave: prime_fd=96,share_attr_fd=106
07-27 11:23:27.841 I/[Gralloc](  259): Got fd 12 for handle 1
07-27 11:23:27.843 I/[Gralloc](  259): leave, w : 1920, h : 1080, format : 0x1,internal_format : 0x1, usage : 0x900. size=8294400,pixel_stride=1920,byte_stride=7680
07-27 11:23:27.843 I/[Gralloc](  259): leave: prime_fd=12,share_attr_fd=13
07-27 11:23:27.843 I/[Gralloc](  269): Got handle 12 for fd 123
07-27 11:23:27.844 I/[Gralloc](  269): leave, w : 1920, h : 1080, format : 0x1,internal_format : 0x1, usage : 0x900. size=8294400,pixel_stride=1920,byte_stride=7680
07-27 11:23:27.844 I/[Gralloc](  269): leave: prime_fd=123,share_attr_fd=125
07-27 11:23:27.856 W/ViewRootImpl[SearchLauncher]( 1097): Cancelling event due to no window focus: MotionEvent { action=ACTION_CANCEL, actionButton=0, id[0]=0, x[0]=1380.1311, y[0]=614.88745, toolType[0]=TOOL_TYPE_MOUSE, buttonState=0, metaState=0, flags=0x0, edgeFlags=0x0, pointerCount=1, historySize=0, eventTime=11420109, downTime=11324005, deviceId=2, source=0x2002 }
07-27 11:23:27.861 I/[Gralloc](  259): Got fd 12 for handle 1
07-27 11:23:27.863 I/[Gralloc](  259): leave, w : 1920, h : 1080, format : 0x1,internal_format : 0x1, usage : 0x900. size=8294400,pixel_stride=1920,byte_stride=7680
07-27 11:23:27.863 I/[Gralloc](  259): leave: prime_fd=12,share_attr_fd=13
07-27 11:23:27.863 I/[Gralloc](  269): Got handle 16 for fd 140
07-27 11:23:27.863 I/[Gralloc](  269): leave, w : 1920, h : 1080, format : 0x1,internal_format : 0x1, usage : 0x900. size=8294400,pixel_stride=1920,byte_stride=7680
07-27 11:23:27.863 I/[Gralloc](  269): leave: prime_fd=140,share_attr_fd=141
07-27 11:23:27.864 D/mali_winsys( 4185): EGLint new_window_surface(egl_winsys_display *, void *, EGLSurface, EGLConfig, egl_winsys_surface **, egl_color_buffer_format *, EGLBoolean) returns 0x3000
07-27 11:23:27.870 I/[Gralloc](  260): Got handle 11 for fd 54
07-27 11:23:27.871 I/[Gralloc](  260): leave, w : 33, h : 42, format : 0x1,internal_format : 0x1, usage : 0x8933. size=8064,pixel_stride=48,byte_stride=192
07-27 11:23:27.871 I/[Gralloc](  260): leave: prime_fd=54,share_attr_fd=82
07-27 11:23:27.977 I/[Gralloc](  259): Got fd 12 for handle 1
07-27 11:23:27.978 I/[Gralloc](  259): leave, w : 1920, h : 1080, format : 0x1,internal_format : 0x1, usage : 0xb00. size=8294400,pixel_stride=1920,byte_stride=7680
07-27 11:23:27.978 I/[Gralloc](  259): leave: prime_fd=12,share_attr_fd=13
07-27 11:23:27.979 I/[Gralloc](  269): Got handle 16 for fd 139
07-27 11:23:27.979 I/[Gralloc](  269): leave, w : 1920, h : 1080, format : 0x1,internal_format : 0x1, usage : 0xb00. size=8294400,pixel_stride=1920,byte_stride=7680
07-27 11:23:27.979 I/[Gralloc](  269): leave: prime_fd=139,share_attr_fd=140
07-27 11:23:27.982 I/[Gralloc]( 4185): Got handle 1 for fd 55
07-27 11:23:27.982 I/[Gralloc]( 4185): leave, w : 1920, h : 1080, format : 0x1,internal_format : 0x1, usage : 0xb00. size=8294400,pixel_stride=1920,byte_stride=7680
07-27 11:23:27.982 I/[Gralloc]( 4185): leave: prime_fd=55,share_attr_fd=56
07-27 11:23:28.059 I/GK      (  567): MSG_SET_TOP_APP_HIDES_STATUS_BAR --false
07-27 11:23:28.061 I/GK      (  567): MSG_SET_TOP_APP_HIDES_STATUS_BAR --false
07-27 11:23:28.062 I/GK      (  567): MSG_TOP_APP_WINDOW_CHANGED
07-27 11:23:28.063 I/GK      (  567): MSG_SET_TOP_APP_HIDES_STATUS_BAR --false
07-27 11:23:28.064 I/GK      (  567): MSG_TOP_APP_WINDOW_CHANGED
07-27 11:23:28.065 I/ActivityManager(  393): Displayed com.study.heguodong/.MainActivity: +704ms
07-27 11:23:28.066 I/GK      (  567): MSG_SHOW_IME_BUTTON
07-27 11:23:28.074 I/GK      (  567): MSG_SET_TOP_APP_HIDES_STATUS_BAR --false
07-27 11:23:28.074 I/GK      (  567): MSG_TOP_APP_WINDOW_CHANGED
07-27 11:23:28.095 I/[Gralloc](  259): Got fd 12 for handle 1
07-27 11:23:28.096 I/[Gralloc](  259): leave, w : 1920, h : 1080, format : 0x1,internal_format : 0x1, usage : 0xb00. size=8294400,pixel_stride=1920,byte_stride=7680
07-27 11:23:28.096 I/[Gralloc](  259): leave: prime_fd=12,share_attr_fd=13
07-27 11:23:28.096 I/[Gralloc](  269): Got handle 12 for fd 124
07-27 11:23:28.097 I/[Gralloc](  269): leave, w : 1920, h : 1080, format : 0x1,internal_format : 0x1, usage : 0xb00. size=8294400,pixel_stride=1920,byte_stride=7680
07-27 11:23:28.097 I/[Gralloc](  269): leave: prime_fd=124,share_attr_fd=125
07-27 11:23:28.097 I/[Gralloc]( 4185): Got handle 2 for fd 60
07-27 11:23:28.097 I/[Gralloc]( 4185): leave, w : 1920, h : 1080, format : 0x1,internal_format : 0x1, usage : 0xb00. size=8294400,pixel_stride=1920,byte_stride=7680
07-27 11:23:28.097 I/[Gralloc]( 4185): leave: prime_fd=60,share_attr_fd=61
07-27 11:23:28.124 I/[Gralloc](  260): Got handle 6 for fd 50
07-27 11:23:28.124 I/[Gralloc](  260): leave, w : 1920, h : 1080, format : 0x1,internal_format : 0x1, usage : 0xb00. size=8294400,pixel_stride=1920,byte_stride=7680
07-27 11:23:28.124 I/[Gralloc](  260): leave: prime_fd=50,share_attr_fd=51
07-27 11:23:28.141 I/[Gralloc](  260): Got handle 14 for fd 99
07-27 11:23:28.141 I/[Gralloc](  260): leave, w : 1920, h : 1080, format : 0x1,internal_format : 0x1, usage : 0xb00. size=8294400,pixel_stride=1920,byte_stride=7680
07-27 11:23:28.141 I/[Gralloc](  260): leave: prime_fd=99,share_attr_fd=100
07-27 11:23:28.184 I/GK      (  567): MSG_APP_TRANSITION_FINISHED
07-27 11:23:28.199 I/GK      (  567): MSG_APP_TRANSITION_FINISHED
07-27 11:23:28.199 I/GK      (  567): MSG_SET_TOP_APP_HIDES_STATUS_BAR --false
07-27 11:23:28.199 I/GK      (  567): MSG_TOP_APP_WINDOW_CHANGED
07-27 11:23:28.264 I/GK      (  567): MSG_SET_TOP_APP_HIDES_STATUS_BAR --false
07-27 11:23:28.265 I/GK      (  567): MSG_TOP_APP_WINDOW_CHANGED
07-27 11:23:28.270 I/GK      (  567): MSG_SET_TOP_APP_HIDES_STATUS_BAR --false
07-27 11:23:28.270 I/GK      (  567): MSG_TOP_APP_WINDOW_CHANGED
07-27 11:23:28.275 E/memtrack(  393): Couldn't load memtrack module
07-27 11:23:28.275 W/android.os.Debug(  393): failed to get memory consumption info: -1
07-27 11:23:28.326 I/Icing   ( 1343): Indexing 7139D6E4127A4509ECC6E02EA91341B28179F511 from com.google.android.gms
07-27 11:23:28.356 I/Icing   ( 1343): Indexing done 7139D6E4127A4509ECC6E02EA91341B28179F511
07-27 11:23:28.500 E/memtrack(  393): Couldn't load memtrack module
07-27 11:23:28.500 W/android.os.Debug(  393): failed to get memory consumption info: -1
07-27 11:23:28.815 E/memtrack(  393): Couldn't load memtrack module
07-27 11:23:28.815 W/android.os.Debug(  393): failed to get memory consumption info: -1
07-27 11:23:29.057 E/memtrack(  393): Couldn't load memtrack module
07-27 11:23:29.057 W/android.os.Debug(  393): failed to get memory consumption info: -1
07-27 11:23:29.276 I/[Gralloc](  259): Got fd 12 for handle 1
07-27 11:23:29.276 I/[Gralloc](  259): leave, w : 38, h : 38, format : 0x1,internal_format : 0x1, usage : 0x8933. size=7296,pixel_stride=48,byte_stride=192
07-27 11:23:29.277 I/[Gralloc](  259): leave: prime_fd=12,share_attr_fd=13
07-27 11:23:29.279 I/[Gralloc](  269): Got handle 6 for fd 48
07-27 11:23:29.279 I/[Gralloc](  269): leave, w : 38, h : 38, format : 0x1,internal_format : 0x1, usage : 0x8933. size=7296,pixel_stride=48,byte_stride=192
07-27 11:23:29.279 I/[Gralloc](  269): leave: prime_fd=48,share_attr_fd=94
07-27 11:23:29.280 I/[Gralloc](  393): Got handle 2 for fd 257
07-27 11:23:29.280 I/[Gralloc](  393): leave, w : 38, h : 38, format : 0x1,internal_format : 0x1, usage : 0x8933. size=7296,pixel_stride=48,byte_stride=192
07-27 11:23:29.280 I/[Gralloc](  393): leave: prime_fd=257,share_attr_fd=261
07-27 11:23:29.283 I/[Gralloc](  259): Got fd 12 for handle 1
07-27 11:23:29.286 I/[Gralloc](  259): leave, w : 1920, h : 1080, format : 0x1,internal_format : 0x1, usage : 0xb00. size=8294400,pixel_stride=1920,byte_stride=7680
07-27 11:23:29.286 I/[Gralloc](  259): leave: prime_fd=12,share_attr_fd=13
07-27 11:23:29.286 I/[Gralloc](  269): Got handle 8 for fd 120
07-27 11:23:29.286 I/[Gralloc](  269): leave, w : 1920, h : 1080, format : 0x1,internal_format : 0x1, usage : 0xb00. size=8294400,pixel_stride=1920,byte_stride=7680
07-27 11:23:29.286 I/[Gralloc](  269): leave: prime_fd=120,share_attr_fd=123
07-27 11:23:29.287 I/[Gralloc]( 4185): Got handle 3 for fd 63
07-27 11:23:29.287 I/[Gralloc]( 4185): leave, w : 1920, h : 1080, format : 0x1,internal_format : 0x1, usage : 0xb00. size=8294400,pixel_stride=1920,byte_stride=7680
07-27 11:23:29.287 I/[Gralloc]( 4185): leave: prime_fd=63,share_attr_fd=64
07-27 11:23:29.291 I/[Gralloc](  260): Got handle 1 for fd 36
07-27 11:23:29.291 I/[Gralloc](  260): leave, w : 38, h : 38, format : 0x1,internal_format : 0x1, usage : 0x8933. size=7296,pixel_stride=48,byte_stride=192
07-27 11:23:29.291 I/[Gralloc](  260): leave: prime_fd=36,share_attr_fd=55
07-27 11:23:29.292 E/memtrack(  393): Couldn't load memtrack module
07-27 11:23:29.292 W/android.os.Debug(  393): failed to get memory consumption info: -1
07-27 11:23:29.315 I/[Gralloc](  260): Got handle 11 for fd 60
07-27 11:23:29.315 I/[Gralloc](  260): leave, w : 1920, h : 1080, format : 0x1,internal_format : 0x1, usage : 0xb00. size=8294400,pixel_stride=1920,byte_stride=7680
07-27 11:23:29.315 I/[Gralloc](  260): leave: prime_fd=60,share_attr_fd=72
07-27 11:23:29.322 I/[Gralloc](  259): Got fd 12 for handle 1
07-27 11:23:29.324 I/[Gralloc](  259): leave, w : 1920, h : 1080, format : 0x1,internal_format : 0x1, usage : 0xb00. size=8294400,pixel_stride=1920,byte_stride=7680
07-27 11:23:29.324 I/[Gralloc](  259): leave: prime_fd=12,share_attr_fd=13
07-27 11:23:29.325 I/[Gralloc](  269): Got handle 7 for fd 28
07-27 11:23:29.325 I/[Gralloc](  269): leave, w : 1920, h : 1080, format : 0x1,internal_format : 0x1, usage : 0xb00. size=8294400,pixel_stride=1920,byte_stride=7680
07-27 11:23:29.325 I/[Gralloc](  269): leave: prime_fd=28,share_attr_fd=32
07-27 11:23:29.325 I/[Gralloc]( 4185): Got handle 4 for fd 66
07-27 11:23:29.325 I/[Gralloc]( 4185): leave, w : 1920, h : 1080, format : 0x1,internal_format : 0x1, usage : 0xb00. size=8294400,pixel_stride=1920,byte_stride=7680
07-27 11:23:29.325 I/[Gralloc]( 4185): leave: prime_fd=66,share_attr_fd=67
07-27 11:23:29.358 I/[Gralloc](  260): Got handle 16 for fd 61
07-27 11:23:29.358 I/[Gralloc](  260): leave, w : 1920, h : 1080, format : 0x1,internal_format : 0x1, usage : 0xb00. size=8294400,pixel_stride=1920,byte_stride=7680
07-27 11:23:29.358 I/[Gralloc](  260): leave: prime_fd=61,share_attr_fd=65
07-27 11:23:29.540 E/memtrack(  393): Couldn't load memtrack module
07-27 11:23:29.540 W/android.os.Debug(  393): failed to get memory consumption info: -1
07-27 11:23:29.600 D/StudioProfiler( 4403): GetAddDataPath /data/data/com.study.heguodong
07-27 11:23:29.657 V/StudioProfiler( 4185): StudioProfilers agent attached.
07-27 11:23:29.770 V/StudioProfiler( 4185): Acquiring Application for Events
07-27 11:23:29.834 V/StudioProfiler( 4185): Transformed class: java/net/URL
07-27 11:23:29.834 W/com.study.heguodong( 4185): Current dex file has more than one class in it. Calling RetransformClasses on this class might fail if no transformations are applied to it!
07-27 11:23:29.839 E/memtrack(  393): Couldn't load memtrack module
07-27 11:23:29.839 W/android.os.Debug(  393): failed to get memory consumption info: -1
07-27 11:23:30.056 E/memtrack(  393): Couldn't load memtrack module
07-27 11:23:30.056 W/android.os.Debug(  393): failed to get memory consumption info: -1
07-27 11:23:30.233 V/StudioProfiler( 4185): Memory control stream started.
07-27 11:23:30.234 I/Choreographer( 4185): Skipped 34 frames!  The application may be doing too much work on its main thread.
07-27 11:23:27.859 I/chatty  ( 1097): uid=10026(com.android.launcher3) identical 2 lines
07-27 11:23:27.859 W/ViewRootImpl[SearchLauncher]( 1097): Cancelling event due to no window focus: MotionEvent { action=ACTION_CANCEL, actionButton=0, id[0]=0, x[0]=1380.1311, y[0]=614.88745, toolType[0]=TOOL_TYPE_MOUSE, buttonState=0, metaState=0, flags=0x0, edgeFlags=0x0, pointerCount=1, historySize=0, eventTime=11420109, downTime=11324005, deviceId=2, source=0x2002 }
07-27 11:23:30.264 I/ActivityManager(  393): Waited long enough for: ServiceRecord{66c4f67 u0 com.google.android.googlequicksearchbox/com.google.android.apps.gsa.search.core.service.SearchService}
07-27 11:23:30.310 E/memtrack(  393): Couldn't load memtrack module
07-27 11:23:30.310 W/android.os.Debug(  393): failed to get memory consumption info: -1
07-27 11:23:30.564 E/memtrack(  393): Couldn't load memtrack module
07-27 11:23:30.564 W/android.os.Debug(  393): failed to get memory consumption info: -1
07-27 11:23:30.802 E/memtrack(  393): Couldn't load memtrack module
07-27 11:23:30.802 W/android.os.Debug(  393): failed to get memory consumption info: -1
07-27 11:23:31.055 E/memtrack(  393): Couldn't load memtrack module
07-27 11:23:31.055 W/android.os.Debug(  393): failed to get memory consumption info: -1
07-27 11:23:31.273 D/GK      (  567): MotionEvent -- 4
07-27 11:23:31.274 D/GK      (  567): SlideBottomLayout -- dispatchTouchEvent = false
07-27 11:23:31.288 I/GK      (  567): MSG_SET_TOP_APP_HIDES_STATUS_BAR --false
07-27 11:23:31.288 I/GK      (  567): MSG_TOP_APP_WINDOW_CHANGED
07-27 11:23:31.302 E/memtrack(  393): Couldn't load memtrack module
07-27 11:23:31.302 W/android.os.Debug(  393): failed to get memory consumption info: -1
07-27 11:23:31.393 E/heguodong( 4185): ---------------------  201808191304 11111111--------------------- startActivity ---------------------
07-27 11:23:31.394 D/AudioHardwareTiny(  251): start_output_stream
07-27 11:23:31.395 D/alsa_route(  251): route_info->sound_card 0, route_info->devices 0  
07-27 11:23:31.396 D/alsa_route(  251): route_set_controls() set route 0
07-27 11:23:31.414 I/ActivityManager(  393): START u0 {cmp=com.study.heguodong/.SecondActivity (has extras)} from uid 10087
07-27 11:23:31.416 E/ActivityManager(  393): getPackageFerformanceMode--ComponentInfo{com.study.heguodong/com.study.heguodong.SecondActivity}----com.study.heguodong
07-27 11:23:31.419 I/GK      (  567): MSG_APP_TRANSITION_PENDING
07-27 11:23:31.420 I/GK      (  567): MSG_SET_TOP_APP_HIDES_STATUS_BAR --false
07-27 11:23:31.420 I/GK      (  567): MSG_TOP_APP_WINDOW_CHANGED
07-27 11:23:31.440 E/ActivityManager(  393): getPackageFerformanceMode--ComponentInfo{com.study.heguodong/com.study.heguodong.SecondActivity}----com.study.heguodong
07-27 11:23:31.454 I/GK      (  567): MSG_APP_TRANSITION_PENDING
07-27 11:23:31.454 I/GK      (  567): MSG_SET_TOP_APP_HIDES_STATUS_BAR --false
07-27 11:23:31.454 I/GK      (  567): MSG_TOP_APP_WINDOW_CHANGED
07-27 11:23:31.536 E/memtrack(  393): Couldn't load memtrack module
07-27 11:23:31.536 W/android.os.Debug(  393): failed to get memory consumption info: -1
07-27 11:23:31.547 W/asset   (  567): Asset path /data/app/com.study.heguodong.app2-VDQ_eibxDcJZMMEpVmwSJQ==/base.apk is neither a directory nor file (type=1).
07-27 11:23:31.547 E/ResourcesManager(  567): failed to add asset path /data/app/com.study.heguodong.app2-VDQ_eibxDcJZMMEpVmwSJQ==/base.apk
07-27 11:23:31.547 W/PackageManager(  567): Failure retrieving resources for com.study.heguodong.app2
07-27 11:23:31.548 W/asset   (  567): Asset path /data/app/com.study.heguodong.app2-VDQ_eibxDcJZMMEpVmwSJQ==/base.apk is neither a directory nor file (type=1).
07-27 11:23:31.548 E/ResourcesManager(  567): failed to add asset path /data/app/com.study.heguodong.app2-VDQ_eibxDcJZMMEpVmwSJQ==/base.apk
07-27 11:23:31.548 W/PackageManager(  567): Failure retrieving resources for com.study.heguodong.app2
07-27 11:23:31.552 E/heguodong( 4185): ---------------------  201808191304 111111111--------------------- boom ---------------------Boom{name='YangYang', age='27', hair_lenth='chang', haire_color='zong'}
07-27 11:23:31.623 I/GK      (  567): MSG_SET_TOP_APP_HIDES_STATUS_BAR --false
07-27 11:23:31.623 I/GK      (  567): MSG_TOP_APP_WINDOW_CHANGED
07-27 11:23:31.632 I/zygote  ( 4185): Do partial code cache collection, code=31KB, data=27KB
07-27 11:23:31.633 I/zygote  ( 4185): After code cache collection, code=31KB, data=27KB
07-27 11:23:31.634 I/zygote  ( 4185): Increasing code cache capacity to 128KB
07-27 11:23:31.640 I/GK      (  567): MSG_SET_TOP_APP_HIDES_STATUS_BAR --false
07-27 11:23:31.640 I/GK      (  567): MSG_TOP_APP_WINDOW_CHANGED
07-27 11:23:31.647 I/[Gralloc](  259): Got fd 12 for handle 1
07-27 11:23:31.648 I/[Gralloc](  259): leave, w : 1920, h : 1080, format : 0x1,internal_format : 0x1, usage : 0x900. size=8294400,pixel_stride=1920,byte_stride=7680
07-27 11:23:31.648 I/[Gralloc](  259): leave: prime_fd=12,share_attr_fd=13
07-27 11:23:31.649 I/[Gralloc](  269): Got handle 11 for fd 100
07-27 11:23:31.649 I/[Gralloc](  269): leave, w : 1920, h : 1080, format : 0x1,internal_format : 0x1, usage : 0x900. size=8294400,pixel_stride=1920,byte_stride=7680
07-27 11:23:31.649 I/[Gralloc](  269): leave: prime_fd=100,share_attr_fd=132
07-27 11:23:31.661 I/[Gralloc](  259): Got fd 12 for handle 1
07-27 11:23:31.663 I/[Gralloc](  259): leave, w : 1920, h : 1080, format : 0x1,internal_format : 0x1, usage : 0x900. size=8294400,pixel_stride=1920,byte_stride=7680
07-27 11:23:31.663 I/[Gralloc](  259): leave: prime_fd=12,share_attr_fd=13
07-27 11:23:31.663 I/[Gralloc](  269): Got handle 17 for fd 138
07-27 11:23:31.663 I/[Gralloc](  269): leave, w : 1920, h : 1080, format : 0x1,internal_format : 0x1, usage : 0x900. size=8294400,pixel_stride=1920,byte_stride=7680
07-27 11:23:31.663 I/[Gralloc](  269): leave: prime_fd=138,share_attr_fd=144
07-27 11:23:31.678 I/[Gralloc](  259): Got fd 12 for handle 1
07-27 11:23:31.679 I/[Gralloc](  259): leave, w : 1920, h : 1080, format : 0x1,internal_format : 0x1, usage : 0x900. size=8294400,pixel_stride=1920,byte_stride=7680
07-27 11:23:31.679 I/[Gralloc](  259): leave: prime_fd=12,share_attr_fd=13
07-27 11:23:31.680 I/[Gralloc](  269): Got handle 18 for fd 102
07-27 11:23:31.680 I/[Gralloc](  269): leave, w : 1920, h : 1080, format : 0x1,internal_format : 0x1, usage : 0x900. size=8294400,pixel_stride=1920,byte_stride=7680
07-27 11:23:31.680 I/[Gralloc](  269): leave: prime_fd=102,share_attr_fd=143
07-27 11:23:31.692 I/[Gralloc](  259): Got fd 12 for handle 1
07-27 11:23:31.694 I/[Gralloc](  259): leave, w : 1920, h : 1080, format : 0x1,internal_format : 0x1, usage : 0x900. size=8294400,pixel_stride=1920,byte_stride=7680
07-27 11:23:31.694 I/[Gralloc](  259): leave: prime_fd=12,share_attr_fd=13
07-27 11:23:31.694 I/[Gralloc](  269): Got handle 20 for fd 155
07-27 11:23:31.694 I/[Gralloc](  269): leave, w : 1920, h : 1080, format : 0x1,internal_format : 0x1, usage : 0x900. size=8294400,pixel_stride=1920,byte_stride=7680
07-27 11:23:31.694 I/[Gralloc](  269): leave: prime_fd=155,share_attr_fd=156
07-27 11:23:31.696 D/mali_winsys( 4185): EGLint new_window_surface(egl_winsys_display *, void *, EGLSurface, EGLConfig, egl_winsys_surface **, egl_color_buffer_format *, EGLBoolean) returns 0x3000
07-27 11:23:31.706 V/StudioProfiler( 4185): Live memory tracking disabled.
07-27 11:23:31.715 V/StudioProfiler( 4185): Live memory tracking enabled.
07-27 11:23:31.715 V/StudioProfiler( 4185): JNIEnv not attached
07-27 11:23:31.745 I/[Gralloc](  259): Got fd 12 for handle 1
07-27 11:23:31.746 I/[Gralloc](  259): leave, w : 1920, h : 1080, format : 0x1,internal_format : 0x1, usage : 0xb00. size=8294400,pixel_stride=1920,byte_stride=7680
07-27 11:23:31.746 I/[Gralloc](  259): leave: prime_fd=12,share_attr_fd=13
07-27 11:23:31.746 I/[Gralloc](  269): Got handle 20 for fd 158
07-27 11:23:31.747 I/[Gralloc](  269): leave, w : 1920, h : 1080, format : 0x1,internal_format : 0x1, usage : 0xb00. size=8294400,pixel_stride=1920,byte_stride=7680
07-27 11:23:31.747 I/[Gralloc](  269): leave: prime_fd=158,share_attr_fd=159
07-27 11:23:31.747 I/[Gralloc]( 4185): Got handle 5 for fd 78
07-27 11:23:31.747 I/[Gralloc]( 4185): leave, w : 1920, h : 1080, format : 0x1,internal_format : 0x1, usage : 0xb00. size=8294400,pixel_stride=1920,byte_stride=7680
07-27 11:23:31.747 I/[Gralloc]( 4185): leave: prime_fd=78,share_attr_fd=79
07-27 11:23:31.760 I/GK      (  567): MSG_SET_TOP_APP_HIDES_STATUS_BAR --false
07-27 11:23:31.761 I/GK      (  567): MSG_TOP_APP_WINDOW_CHANGED
07-27 11:23:31.769 I/ActivityManager(  393): Displayed com.study.heguodong/.SecondActivity: +326ms
07-27 11:23:31.774 I/GK      (  567): MSG_APP_TRANSITION_STARTING
07-27 11:23:31.775 I/GK      (  567): MSG_SET_TOP_APP_HIDES_STATUS_BAR --false
07-27 11:23:31.775 I/GK      (  567): MSG_TOP_APP_WINDOW_CHANGED
07-27 11:23:31.775 I/[Gralloc](  260): Got handle 18 for fd 78
07-27 11:23:31.776 I/[Gralloc](  260): leave, w : 1920, h : 1080, format : 0x1,internal_format : 0x1, usage : 0xb00. size=8294400,pixel_stride=1920,byte_stride=7680
07-27 11:23:31.776 I/[Gralloc](  260): leave: prime_fd=78,share_attr_fd=79
07-27 11:23:31.800 I/GK      (  567): MSG_SET_TOP_APP_HIDES_STATUS_BAR --false
07-27 11:23:31.800 I/GK      (  567): MSG_TOP_APP_WINDOW_CHANGED
07-27 11:23:31.820 E/memtrack(  393): Couldn't load memtrack module
07-27 11:23:31.820 W/android.os.Debug(  393): failed to get memory consumption info: -1
07-27 11:23:31.825 I/[Gralloc](  259): Got fd 12 for handle 1
07-27 11:23:31.827 I/[Gralloc](  259): leave, w : 1920, h : 1080, format : 0x1,internal_format : 0x1, usage : 0xb00. size=8294400,pixel_stride=1920,byte_stride=7680
07-27 11:23:31.827 I/[Gralloc](  259): leave: prime_fd=12,share_attr_fd=13
07-27 11:23:31.828 I/[Gralloc](  269): Got handle 18 for fd 80
07-27 11:23:31.828 I/[Gralloc](  269): leave, w : 1920, h : 1080, format : 0x1,internal_format : 0x1, usage : 0xb00. size=8294400,pixel_stride=1920,byte_stride=7680
07-27 11:23:31.828 I/[Gralloc](  269): leave: prime_fd=80,share_attr_fd=98
07-27 11:23:31.828 I/[Gralloc]( 4185): Got handle 6 for fd 81
07-27 11:23:31.828 I/[Gralloc]( 4185): leave, w : 1920, h : 1080, format : 0x1,internal_format : 0x1, usage : 0xb00. size=8294400,pixel_stride=1920,byte_stride=7680
07-27 11:23:31.828 I/[Gralloc]( 4185): leave: prime_fd=81,share_attr_fd=82
07-27 11:23:31.846 V/StudioProfiler( 4185): Loaded classes: 5264
07-27 11:23:31.878 I/[Gralloc](  260): Got handle 19 for fd 105
07-27 11:23:31.878 I/[Gralloc](  260): leave, w : 1920, h : 1080, format : 0x1,internal_format : 0x1, usage : 0xb00. size=8294400,pixel_stride=1920,byte_stride=7680
07-27 11:23:31.878 I/[Gralloc](  260): leave: prime_fd=105,share_attr_fd=114
07-27 11:23:31.950 E/BufferQueueProducer(  269): [com.study.heguodong/com.study.heguodong.MainActivity#0] disconnect: not connected (req=1)
07-27 11:23:31.951 W/libEGL  ( 4185): EGLNativeWindowType 0xb016e008 disconnect failed
07-27 11:23:31.956 I/GK      (  567): MSG_SET_TOP_APP_HIDES_STATUS_BAR --false
07-27 11:23:31.957 I/GK      (  567): MSG_TOP_APP_WINDOW_CHANGED
07-27 11:23:31.985 I/GK      (  567): MSG_APP_TRANSITION_FINISHED
07-27 11:23:31.989 I/GK      (  567): MSG_SET_TOP_APP_HIDES_STATUS_BAR --false
07-27 11:23:31.989 I/GK      (  567): MSG_TOP_APP_WINDOW_CHANGED
07-27 11:23:32.119 E/memtrack(  393): Couldn't load memtrack module
07-27 11:23:32.119 W/android.os.Debug(  393): failed to get memory consumption info: -1
07-27 11:23:32.138 I/GK      (  567): MSG_APP_TRANSITION_FINISHED
07-27 11:23:32.138 I/GK      (  567): MSG_SET_TOP_APP_HIDES_STATUS_BAR --false
07-27 11:23:32.138 I/GK      (  567): MSG_TOP_APP_WINDOW_CHANGED
07-27 11:23:32.214 I/WearableService(  974): Wearable Services stopping
07-27 11:23:32.296 E/memtrack(  393): Couldn't load memtrack module
07-27 11:23:32.297 W/android.os.Debug(  393): failed to get memory consumption info: -1
07-27 11:23:32.393 E/alsa_route(  251): set_controls() can not set ctl OUT Playback Switch to 1
07-27 11:23:32.543 E/memtrack(  393): Couldn't load memtrack module
07-27 11:23:32.543 W/android.os.Debug(  393): failed to get memory consumption info: -1
07-27 11:23:32.798 E/memtrack(  393): Couldn't load memtrack module
07-27 11:23:32.799 W/android.os.Debug(  393): failed to get memory consumption info: -1
07-27 11:23:32.913 V/StudioProfiler( 4185): Tracking initialization took: 1197685537ns
07-27 11:23:32.929 I/[Gralloc](  259): Got fd 12 for handle 1
07-27 11:23:32.929 I/Choreographer( 4185): Skipped 61 frames!  The application may be doing too much work on its main thread.
07-27 11:23:32.931 I/[Gralloc](  259): leave, w : 1920, h : 1080, format : 0x1,internal_format : 0x1, usage : 0xb00. size=8294400,pixel_stride=1920,byte_stride=7680
07-27 11:23:32.931 I/[Gralloc](  259): leave: prime_fd=12,share_attr_fd=13
07-27 11:23:32.931 I/[Gralloc](  269): Got handle 7 for fd 123
07-27 11:23:32.931 I/[Gralloc](  269): leave, w : 1920, h : 1080, format : 0x1,internal_format : 0x1, usage : 0xb00. size=8294400,pixel_stride=1920,byte_stride=7680
07-27 11:23:32.931 I/[Gralloc](  269): leave: prime_fd=123,share_attr_fd=125
07-27 11:23:32.931 I/[Gralloc]( 4185): Got handle 1 for fd 61
07-27 11:23:32.931 I/[Gralloc]( 4185): leave, w : 1920, h : 1080, format : 0x1,internal_format : 0x1, usage : 0xb00. size=8294400,pixel_stride=1920,byte_stride=7680
07-27 11:23:32.931 I/[Gralloc]( 4185): leave: prime_fd=61,share_attr_fd=62
07-27 11:23:32.941 I/[Gralloc](  259): Got fd 12 for handle 1
07-27 11:23:32.941 I/[Gralloc](  259): leave, w : 33, h : 42, format : 0x1,internal_format : 0x1, usage : 0x8933. size=8064,pixel_stride=48,byte_stride=192
07-27 11:23:32.941 I/[Gralloc](  259): leave: prime_fd=12,share_attr_fd=13
07-27 11:23:32.941 I/[Gralloc](  269): Got handle 8 for fd 32
07-27 11:23:32.941 I/[Gralloc](  269): leave, w : 33, h : 42, format : 0x1,internal_format : 0x1, usage : 0x8933. size=8064,pixel_stride=48,byte_stride=192
07-27 11:23:32.941 I/[Gralloc](  269): leave: prime_fd=32,share_attr_fd=33
07-27 11:23:32.942 I/[Gralloc](  393): Got handle 1 for fd 252
07-27 11:23:32.942 I/[Gralloc](  393): leave, w : 33, h : 42, format : 0x1,internal_format : 0x1, usage : 0x8933. size=8064,pixel_stride=48,byte_stride=192
07-27 11:23:32.942 I/[Gralloc](  393): leave: prime_fd=252,share_attr_fd=253
07-27 11:23:32.959 I/[Gralloc](  260): Got handle 1 for fd 57
07-27 11:23:32.960 I/[Gralloc](  260): leave, w : 1920, h : 1080, format : 0x1,internal_format : 0x1, usage : 0xb00. size=8294400,pixel_stride=1920,byte_stride=7680
07-27 11:23:32.960 I/[Gralloc](  260): leave: prime_fd=57,share_attr_fd=82
07-27 11:23:32.960 I/[Gralloc](  260): Got handle 6 for fd 41
07-27 11:23:32.960 I/[Gralloc](  260): leave, w : 33, h : 42, format : 0x1,internal_format : 0x1, usage : 0x8933. size=8064,pixel_stride=48,byte_stride=192
07-27 11:23:32.960 I/[Gralloc](  260): leave: prime_fd=41,share_attr_fd=85
07-27 11:23:33.034 E/memtrack(  393): Couldn't load memtrack module
07-27 11:23:33.034 W/android.os.Debug(  393): failed to get memory consumption info: -1
07-27 11:23:33.264 E/memtrack(  393): Couldn't load memtrack module
07-27 11:23:33.264 W/android.os.Debug(  393): failed to get memory consumption info: -1
07-27 11:23:33.511 E/memtrack(  393): Couldn't load memtrack module
07-27 11:23:33.511 W/android.os.Debug(  393): failed to get memory consumption info: -1
07-27 11:23:33.805 E/memtrack(  393): Couldn't load memtrack module
07-27 11:23:33.805 W/android.os.Debug(  393): failed to get memory consumption info: -1
07-27 11:23:34.048 E/memtrack(  393): Couldn't load memtrack module
07-27 11:23:34.048 W/android.os.Debug(  393): failed to get memory consumption info: -1
07-27 11:23:34.337 E/memtrack(  393): Couldn't load memtrack module
07-27 11:23:34.338 W/android.os.Debug(  393): failed to get memory consumption info: -1
07-27 11:23:34.463 D/GK      (  567): MotionEvent -- 4
07-27 11:23:34.465 D/GK      (  567): SlideBottomLayout -- dispatchTouchEvent = false
07-27 11:23:34.491 I/GK      (  567): MSG_SET_TOP_APP_HIDES_STATUS_BAR --false
07-27 11:23:34.491 I/GK      (  567): MSG_TOP_APP_WINDOW_CHANGED
07-27 11:23:34.561 E/memtrack(  393): Couldn't load memtrack module
07-27 11:23:34.561 W/android.os.Debug(  393): failed to get memory consumption info: -1
07-27 11:23:34.581 I/GK      (  567): MSG_APP_TRANSITION_PENDING
07-27 11:23:34.581 I/GK      (  567): MSG_SET_TOP_APP_HIDES_STATUS_BAR --false
07-27 11:23:34.581 I/GK      (  567): MSG_TOP_APP_WINDOW_CHANGED
07-27 11:23:34.592 E/ActivityManager(  393): getPackageFerformanceMode--ComponentInfo{com.study.heguodong/com.study.heguodong.MainActivity}----com.study.heguodong
07-27 11:23:34.600 I/GK      (  567): MSG_APP_TRANSITION_PENDING
07-27 11:23:34.601 I/GK      (  567): MSG_TOP_APP_WINDOW_CHANGED
07-27 11:23:34.601 I/GK      (  567): MSG_SET_TOP_APP_HIDES_STATUS_BAR --false
07-27 11:23:34.607 I/[Gralloc](  259): Got fd 12 for handle 1
07-27 11:23:34.609 I/[Gralloc](  259): leave, w : 1920, h : 1080, format : 0x1,internal_format : 0x1, usage : 0xb00. size=8294400,pixel_stride=1920,byte_stride=7680
07-27 11:23:34.609 I/[Gralloc](  259): leave: prime_fd=12,share_attr_fd=13
07-27 11:23:34.609 I/[Gralloc](  269): Got handle 11 for fd 135
07-27 11:23:34.609 I/[Gralloc](  269): leave, w : 1920, h : 1080, format : 0x1,internal_format : 0x1, usage : 0xb00. size=8294400,pixel_stride=1920,byte_stride=7680
07-27 11:23:34.609 I/[Gralloc](  269): leave: prime_fd=135,share_attr_fd=139
07-27 11:23:34.610 I/[Gralloc]( 4185): Got handle 2 for fd 66
07-27 11:23:34.610 I/[Gralloc]( 4185): leave, w : 1920, h : 1080, format : 0x1,internal_format : 0x1, usage : 0xb00. size=8294400,pixel_stride=1920,byte_stride=7680
07-27 11:23:34.610 I/[Gralloc]( 4185): leave: prime_fd=66,share_attr_fd=67
07-27 11:23:34.615 I/GK      (  567): MSG_TOP_APP_WINDOW_CHANGED
07-27 11:23:34.632 I/[Gralloc](  260): Got handle 11 for fd 58
07-27 11:23:34.632 I/[Gralloc](  260): leave, w : 1920, h : 1080, format : 0x1,internal_format : 0x1, usage : 0xb00. size=8294400,pixel_stride=1920,byte_stride=7680
07-27 11:23:34.632 I/[Gralloc](  260): leave: prime_fd=58,share_attr_fd=59
07-27 11:23:34.651 I/GK      (  567): MSG_SET_TOP_APP_HIDES_STATUS_BAR --false
07-27 11:23:34.652 I/GK      (  567): MSG_TOP_APP_WINDOW_CHANGED
07-27 11:23:34.658 I/[Gralloc](  259): Got fd 12 for handle 1
07-27 11:23:34.659 I/[Gralloc](  259): leave, w : 1920, h : 1080, format : 0x1,internal_format : 0x1, usage : 0x900. size=8294400,pixel_stride=1920,byte_stride=7680
07-27 11:23:34.659 I/[Gralloc](  259): leave: prime_fd=12,share_attr_fd=13
07-27 11:23:34.659 I/[Gralloc](  269): Got handle 12 for fd 118
07-27 11:23:34.660 I/[Gralloc](  269): leave, w : 1920, h : 1080, format : 0x1,internal_format : 0x1, usage : 0x900. size=8294400,pixel_stride=1920,byte_stride=7680
07-27 11:23:34.660 I/[Gralloc](  269): leave: prime_fd=118,share_attr_fd=120
07-27 11:23:34.674 I/[Gralloc](  259): Got fd 12 for handle 1
07-27 11:23:34.675 I/[Gralloc](  259): leave, w : 1920, h : 1080, format : 0x1,internal_format : 0x1, usage : 0x900. size=8294400,pixel_stride=1920,byte_stride=7680
07-27 11:23:34.675 I/[Gralloc](  259): leave: prime_fd=12,share_attr_fd=13
07-27 11:23:34.675 I/[Gralloc](  269): Got handle 16 for fd 141
07-27 11:23:34.675 I/[Gralloc](  269): leave, w : 1920, h : 1080, format : 0x1,internal_format : 0x1, usage : 0x900. size=8294400,pixel_stride=1920,byte_stride=7680
07-27 11:23:34.675 I/[Gralloc](  269): leave: prime_fd=141,share_attr_fd=143
07-27 11:23:34.688 I/[Gralloc](  259): Got fd 12 for handle 1
07-27 11:23:34.690 I/[Gralloc](  259): leave, w : 1920, h : 1080, format : 0x1,internal_format : 0x1, usage : 0x900. size=8294400,pixel_stride=1920,byte_stride=7680
07-27 11:23:34.690 I/[Gralloc](  259): leave: prime_fd=12,share_attr_fd=13
07-27 11:23:34.690 I/[Gralloc](  269): Got handle 17 for fd 131
07-27 11:23:34.690 I/[Gralloc](  269): leave, w : 1920, h : 1080, format : 0x1,internal_format : 0x1, usage : 0x900. size=8294400,pixel_stride=1920,byte_stride=7680
07-27 11:23:34.690 I/[Gralloc](  269): leave: prime_fd=131,share_attr_fd=151
07-27 11:23:34.704 W/asset   (  567): Asset path /data/app/com.study.heguodong.app2-VDQ_eibxDcJZMMEpVmwSJQ==/base.apk is neither a directory nor file (type=1).
07-27 11:23:34.705 E/ResourcesManager(  567): failed to add asset path /data/app/com.study.heguodong.app2-VDQ_eibxDcJZMMEpVmwSJQ==/base.apk
07-27 11:23:34.705 W/PackageManager(  567): Failure retrieving resources for com.study.heguodong.app2
07-27 11:23:34.705 W/asset   (  567): Asset path /data/app/com.study.heguodong.app2-VDQ_eibxDcJZMMEpVmwSJQ==/base.apk is neither a directory nor file (type=1).
07-27 11:23:34.705 E/ResourcesManager(  567): failed to add asset path /data/app/com.study.heguodong.app2-VDQ_eibxDcJZMMEpVmwSJQ==/base.apk
07-27 11:23:34.705 W/PackageManager(  567): Failure retrieving resources for com.study.heguodong.app2
07-27 11:23:34.705 I/[Gralloc](  259): Got fd 12 for handle 1
07-27 11:23:34.707 I/[Gralloc](  259): leave, w : 1920, h : 1080, format : 0x1,internal_format : 0x1, usage : 0x900. size=8294400,pixel_stride=1920,byte_stride=7680
07-27 11:23:34.707 I/[Gralloc](  259): leave: prime_fd=12,share_attr_fd=13
07-27 11:23:34.708 I/[Gralloc](  269): Got handle 21 for fd 146
07-27 11:23:34.708 I/[Gralloc](  269): leave, w : 1920, h : 1080, format : 0x1,internal_format : 0x1, usage : 0x900. size=8294400,pixel_stride=1920,byte_stride=7680
07-27 11:23:34.708 I/[Gralloc](  269): leave: prime_fd=146,share_attr_fd=155
07-27 11:23:34.711 D/mali_winsys( 4185): EGLint new_window_surface(egl_winsys_display *, void *, EGLSurface, EGLConfig, egl_winsys_surface **, egl_color_buffer_format *, EGLBoolean) returns 0x3000
07-27 11:23:34.755 I/[Gralloc](  259): Got fd 12 for handle 1
07-27 11:23:34.757 I/[Gralloc](  259): leave, w : 1920, h : 1080, format : 0x1,internal_format : 0x1, usage : 0xb00. size=8294400,pixel_stride=1920,byte_stride=7680
07-27 11:23:34.757 I/[Gralloc](  259): leave: prime_fd=12,share_attr_fd=13
07-27 11:23:34.757 I/[Gralloc](  269): Got handle 21 for fd 155
07-27 11:23:34.757 I/[Gralloc](  269): leave, w : 1920, h : 1080, format : 0x1,internal_format : 0x1, usage : 0xb00. size=8294400,pixel_stride=1920,byte_stride=7680
07-27 11:23:34.757 I/[Gralloc](  269): leave: prime_fd=155,share_attr_fd=156
07-27 11:23:34.757 I/[Gralloc]( 4185): Got handle 3 for fd 74
07-27 11:23:34.757 I/[Gralloc]( 4185): leave, w : 1920, h : 1080, format : 0x1,internal_format : 0x1, usage : 0xb00. size=8294400,pixel_stride=1920,byte_stride=7680
07-27 11:23:34.757 I/[Gralloc]( 4185): leave: prime_fd=74,share_attr_fd=75
07-27 11:23:34.770 I/GK      (  567): MSG_SET_TOP_APP_HIDES_STATUS_BAR --false
07-27 11:23:34.770 I/GK      (  567): MSG_TOP_APP_WINDOW_CHANGED
07-27 11:23:34.789 I/GK      (  567): MSG_APP_TRANSITION_STARTING
07-27 11:23:34.790 I/GK      (  567): MSG_SET_TOP_APP_HIDES_STATUS_BAR --false
07-27 11:23:34.791 I/GK      (  567): MSG_TOP_APP_WINDOW_CHANGED
07-27 11:23:34.810 E/BufferQueueProducer(  269): [com.study.heguodong/com.study.heguodong.SecondActivity#0] disconnect: not connected (req=1)
07-27 11:23:34.810 W/libEGL  ( 4185): EGLNativeWindowType 0x9566d008 disconnect failed
07-27 11:23:34.818 I/GK      (  567): MSG_SET_TOP_APP_HIDES_STATUS_BAR --false
07-27 11:23:34.818 I/GK      (  567): MSG_TOP_APP_WINDOW_CHANGED
07-27 11:23:34.852 I/[Gralloc](  260): Got handle 14 for fd 52
07-27 11:23:34.852 I/[Gralloc](  260): leave, w : 1920, h : 1080, format : 0x1,internal_format : 0x1, usage : 0xb00. size=8294400,pixel_stride=1920,byte_stride=7680
07-27 11:23:34.852 I/[Gralloc](  260): leave: prime_fd=52,share_attr_fd=53
07-27 11:23:34.859 E/memtrack(  393): Couldn't load memtrack module
07-27 11:23:34.859 W/android.os.Debug(  393): failed to get memory consumption info: -1
07-27 11:23:35.022 I/GK      (  567): MSG_APP_TRANSITION_FINISHED
07-27 11:23:35.022 I/GK      (  567): MSG_APP_TRANSITION_FINISHED
07-27 11:23:35.023 I/GK      (  567): MSG_SET_TOP_APP_HIDES_STATUS_BAR --false
07-27 11:23:35.028 I/GK      (  567): MSG_TOP_APP_WINDOW_CHANGED
07-27 11:23:35.029 I/GK      (  567): MSG_SET_TOP_APP_HIDES_STATUS_BAR --false
07-27 11:23:35.030 E/memtrack(  393): Couldn't load memtrack module
07-27 11:23:35.030 W/android.os.Debug(  393): failed to get memory consumption info: -1
07-27 11:23:35.030 I/GK      (  567): MSG_TOP_APP_WINDOW_CHANGED
07-27 11:23:35.048 I/GK      (  567): MSG_SET_TOP_APP_HIDES_STATUS_BAR --false
07-27 11:23:35.048 I/GK      (  567): MSG_TOP_APP_WINDOW_CHANGED
07-27 11:23:35.081 I/GK      (  567): MSG_SET_TOP_APP_HIDES_STATUS_BAR --false
07-27 11:23:35.082 I/GK      (  567): MSG_TOP_APP_WINDOW_CHANGED
07-27 11:23:35.266 E/memtrack(  393): Couldn't load memtrack module
07-27 11:23:35.266 W/android.os.Debug(  393): failed to get memory consumption info: -1
07-27 11:23:35.564 E/memtrack(  393): Couldn't load memtrack module
07-27 11:23:35.565 W/android.os.Debug(  393): failed to get memory consumption info: -1
07-27 11:23:35.820 E/memtrack(  393): Couldn't load memtrack module
07-27 11:23:35.820 W/android.os.Debug(  393): failed to get memory consumption info: -1
07-27 11:23:36.058 E/memtrack(  393): Couldn't load memtrack module
07-27 11:23:36.059 W/android.os.Debug(  393): failed to get memory consumption info: -1
07-27 11:23:36.102 I/[Gralloc](  259): Got fd 12 for handle 1
07-27 11:23:36.102 I/[Gralloc](  259): leave, w : 38, h : 38, format : 0x1,internal_format : 0x1, usage : 0x8933. size=7296,pixel_stride=48,byte_stride=192
07-27 11:23:36.102 I/[Gralloc](  259): leave: prime_fd=12,share_attr_fd=13
07-27 11:23:36.102 I/[Gralloc](  269): Got handle 7 for fd 100
07-27 11:23:36.102 I/[Gralloc](  269): leave, w : 38, h : 38, format : 0x1,internal_format : 0x1, usage : 0x8933. size=7296,pixel_stride=48,byte_stride=192
07-27 11:23:36.102 I/[Gralloc](  269): leave: prime_fd=100,share_attr_fd=114
07-27 11:23:36.103 I/[Gralloc](  393): Got handle 3 for fd 249
07-27 11:23:36.103 I/[Gralloc](  393): leave, w : 38, h : 38, format : 0x1,internal_format : 0x1, usage : 0x8933. size=7296,pixel_stride=48,byte_stride=192
07-27 11:23:36.103 I/[Gralloc](  393): leave: prime_fd=249,share_attr_fd=251
07-27 11:23:36.122 I/[Gralloc](  260): Got handle 1 for fd 45
07-27 11:23:36.122 I/[Gralloc](  260): leave, w : 38, h : 38, format : 0x1,internal_format : 0x1, usage : 0x8933. size=7296,pixel_stride=48,byte_stride=192
07-27 11:23:36.122 I/[Gralloc](  260): leave: prime_fd=45,share_attr_fd=76
07-27 11:23:36.125 E/memtrack(  393): Couldn't load memtrack module
07-27 11:23:36.125 W/android.os.Debug(  393): failed to get memory consumption info: -1
07-27 11:23:36.207 E/memtrack(  393): Couldn't load memtrack module
07-27 11:23:36.207 W/android.os.Debug(  393): failed to get memory consumption info: -1
07-27 11:23:36.290 E/memtrack(  393): Couldn't load memtrack module
07-27 11:23:36.290 W/android.os.Debug(  393): failed to get memory consumption info: -1
07-27 11:23:36.576 E/memtrack(  393): Couldn't load memtrack module
07-27 11:23:36.576 W/android.os.Debug(  393): failed to get memory consumption info: -1
07-27 11:23:36.835 E/memtrack(  393): Couldn't load memtrack module
07-27 11:23:36.835 W/android.os.Debug(  393): failed to get memory consumption info: -1
07-27 11:23:36.934 I/[Gralloc](  259): Got fd 12 for handle 1
07-27 11:23:36.937 I/[Gralloc](  259): leave, w : 1920, h : 1080, format : 0x1,internal_format : 0x1, usage : 0xb00. size=8294400,pixel_stride=1920,byte_stride=7680
07-27 11:23:36.937 I/[Gralloc](  259): leave: prime_fd=12,share_attr_fd=13
07-27 11:23:36.938 I/[Gralloc](  269): Got handle 10 for fd 102
07-27 11:23:36.938 I/[Gralloc](  269): leave, w : 1920, h : 1080, format : 0x1,internal_format : 0x1, usage : 0xb00. size=8294400,pixel_stride=1920,byte_stride=7680
07-27 11:23:36.938 I/[Gralloc](  269): leave: prime_fd=102,share_attr_fd=109
07-27 11:23:36.938 I/[Gralloc]( 4185): Got handle 1 for fd 65
07-27 11:23:36.938 I/[Gralloc]( 4185): leave, w : 1920, h : 1080, format : 0x1,internal_format : 0x1, usage : 0xb00. size=8294400,pixel_stride=1920,byte_stride=7680
07-27 11:23:36.939 I/[Gralloc]( 4185): leave: prime_fd=65,share_attr_fd=66
07-27 11:23:36.966 I/[Gralloc](  260): Got handle 6 for fd 58
07-27 11:23:36.966 I/[Gralloc](  260): leave, w : 1920, h : 1080, format : 0x1,internal_format : 0x1, usage : 0xb00. size=8294400,pixel_stride=1920,byte_stride=7680
07-27 11:23:36.966 I/[Gralloc](  260): leave: prime_fd=58,share_attr_fd=59
07-27 11:23:36.972 I/[Gralloc](  259): Got fd 12 for handle 1
07-27 11:23:36.975 I/[Gralloc](  259): leave, w : 1920, h : 1080, format : 0x1,internal_format : 0x1, usage : 0xb00. size=8294400,pixel_stride=1920,byte_stride=7680
07-27 11:23:36.975 I/[Gralloc](  259): leave: prime_fd=12,share_attr_fd=13
07-27 11:23:36.975 I/[Gralloc](  269): Got handle 11 for fd 138
07-27 11:23:36.975 I/[Gralloc](  269): leave, w : 1920, h : 1080, format : 0x1,internal_format : 0x1, usage : 0xb00. size=8294400,pixel_stride=1920,byte_stride=7680
