07-27 11:23:36.975 I/[Gralloc](  269): leave: prime_fd=138,share_attr_fd=139
07-27 11:23:36.976 I/[Gralloc]( 4185): Got handle 2 for fd 68
07-27 11:23:36.976 I/[Gralloc]( 4185): leave, w : 1920, h : 1080, format : 0x1,internal_format : 0x1, usage : 0xb00. size=8294400,pixel_stride=1920,byte_stride=7680
07-27 11:23:36.976 I/[Gralloc]( 4185): leave: prime_fd=68,share_attr_fd=70
07-27 11:23:36.999 I/[Gralloc](  260): Got handle 11 for fd 55
07-27 11:23:36.999 I/[Gralloc](  260): leave, w : 1920, h : 1080, format : 0x1,internal_format : 0x1, usage : 0xb00. size=8294400,pixel_stride=1920,byte_stride=7680
07-27 11:23:36.999 I/[Gralloc](  260): leave: prime_fd=55,share_attr_fd=56
07-27 11:23:37.018 I/[Gralloc](  259): Got fd 12 for handle 1
07-27 11:23:37.020 I/[Gralloc](  259): leave, w : 1920, h : 1080, format : 0x1,internal_format : 0x1, usage : 0xb00. size=8294400,pixel_stride=1920,byte_stride=7680
07-27 11:23:37.020 I/[Gralloc](  259): leave: prime_fd=12,share_attr_fd=13
07-27 11:23:37.020 I/[Gralloc](  269): Got handle 12 for fd 127
07-27 11:23:37.020 I/[Gralloc](  269): leave, w : 1920, h : 1080, format : 0x1,internal_format : 0x1, usage : 0xb00. size=8294400,pixel_stride=1920,byte_stride=7680
07-27 11:23:37.020 I/[Gralloc](  269): leave: prime_fd=127,share_attr_fd=131
07-27 11:23:37.021 I/[Gralloc]( 4185): Got handle 4 for fd 72
07-27 11:23:37.021 I/[Gralloc]( 4185): leave, w : 1920, h : 1080, format : 0x1,internal_format : 0x1, usage : 0xb00. size=8294400,pixel_stride=1920,byte_stride=7680
07-27 11:23:37.021 I/[Gralloc]( 4185): leave: prime_fd=72,share_attr_fd=73
07-27 11:23:37.049 I/[Gralloc](  260): Got handle 16 for fd 74
07-27 11:23:37.049 I/[Gralloc](  260): leave, w : 1920, h : 1080, format : 0x1,internal_format : 0x1, usage : 0xb00. size=8294400,pixel_stride=1920,byte_stride=7680
07-27 11:23:37.049 I/[Gralloc](  260): leave: prime_fd=74,share_attr_fd=75
07-27 11:23:37.074 E/memtrack(  393): Couldn't load memtrack module
07-27 11:23:37.074 W/android.os.Debug(  393): failed to get memory consumption info: -1
07-27 11:23:37.100 I/[Gralloc](  259): Got fd 12 for handle 1
07-27 11:23:37.100 I/[Gralloc](  259): leave, w : 33, h : 42, format : 0x1,internal_format : 0x1, usage : 0x8933. size=8064,pixel_stride=48,byte_stride=192
07-27 11:23:37.100 I/[Gralloc](  259): leave: prime_fd=12,share_attr_fd=13
07-27 11:23:37.100 I/[Gralloc](  269): Got handle 16 for fd 86
07-27 11:23:37.100 I/[Gralloc](  269): leave, w : 33, h : 42, format : 0x1,internal_format : 0x1, usage : 0x8933. size=8064,pixel_stride=48,byte_stride=192
07-27 11:23:37.100 I/[Gralloc](  269): leave: prime_fd=86,share_attr_fd=120
07-27 11:23:37.101 I/[Gralloc](  393): Got handle 2 for fd 255
07-27 11:23:37.101 I/[Gralloc](  393): leave, w : 33, h : 42, format : 0x1,internal_format : 0x1, usage : 0x8933. size=8064,pixel_stride=48,byte_stride=192
07-27 11:23:37.101 I/[Gralloc](  393): leave: prime_fd=255,share_attr_fd=257
07-27 11:23:37.118 I/[Gralloc](  260): Got handle 1 for fd 45
07-27 11:23:37.118 I/[Gralloc](  260): leave, w : 33, h : 42, format : 0x1,internal_format : 0x1, usage : 0x8933. size=8064,pixel_stride=48,byte_stride=192
07-27 11:23:37.118 I/[Gralloc](  260): leave: prime_fd=45,share_attr_fd=61
07-27 11:23:37.168 I/[Gralloc](  259): Got fd 12 for handle 1
07-27 11:23:37.168 I/[Gralloc](  259): leave, w : 38, h : 38, format : 0x1,internal_format : 0x1, usage : 0x8933. size=7296,pixel_stride=48,byte_stride=192
07-27 11:23:37.168 I/[Gralloc](  259): leave: prime_fd=12,share_attr_fd=13
07-27 11:23:37.171 I/[Gralloc](  269): Got handle 6 for fd 34
07-27 11:23:37.171 I/[Gralloc](  269): leave, w : 38, h : 38, format : 0x1,internal_format : 0x1, usage : 0x8933. size=7296,pixel_stride=48,byte_stride=192
07-27 11:23:37.171 I/[Gralloc](  269): leave: prime_fd=34,share_attr_fd=79
07-27 11:23:37.173 I/[Gralloc](  393): Got handle 1 for fd 252
07-27 11:23:37.173 I/[Gralloc](  393): leave, w : 38, h : 38, format : 0x1,internal_format : 0x1, usage : 0x8933. size=7296,pixel_stride=48,byte_stride=192
07-27 11:23:37.173 I/[Gralloc](  393): leave: prime_fd=252,share_attr_fd=253
07-27 11:23:37.187 I/[Gralloc](  260): Got handle 1 for fd 45
07-27 11:23:37.187 I/[Gralloc](  260): leave, w : 38, h : 38, format : 0x1,internal_format : 0x1, usage : 0x8933. size=7296,pixel_stride=48,byte_stride=192
07-27 11:23:37.187 I/[Gralloc](  260): leave: prime_fd=45,share_attr_fd=72
07-27 11:23:37.305 E/memtrack(  393): Couldn't load memtrack module
07-27 11:23:37.305 W/android.os.Debug(  393): failed to get memory consumption info: -1
07-27 11:23:37.582 E/memtrack(  393): Couldn't load memtrack module
07-27 11:23:37.583 W/android.os.Debug(  393): failed to get memory consumption info: -1
07-27 11:23:37.822 E/memtrack(  393): Couldn't load memtrack module
07-27 11:23:37.822 W/android.os.Debug(  393): failed to get memory consumption info: -1
07-27 11:23:38.069 E/memtrack(  393): Couldn't load memtrack module
07-27 11:23:38.069 W/android.os.Debug(  393): failed to get memory consumption info: -1
07-27 11:23:38.315 E/memtrack(  393): Couldn't load memtrack module
07-27 11:23:38.315 W/android.os.Debug(  393): failed to get memory consumption info: -1
07-27 11:23:38.398 D/GK      (  567): MotionEvent -- 4
07-27 11:23:38.399 D/GK      (  567): SlideBottomLayout -- dispatchTouchEvent = false
07-27 11:23:38.409 I/GK      (  567): MSG_SET_TOP_APP_HIDES_STATUS_BAR --false
07-27 11:23:38.409 I/GK      (  567): MSG_TOP_APP_WINDOW_CHANGED
07-27 11:23:38.515 E/heguodong( 4185): ---------------------  201808191304 22222222--------------------- startActivity ---------------------
07-27 11:23:38.521 I/zygote  ( 4185): Do partial code cache collection, code=51KB, data=61KB
07-27 11:23:38.521 I/ActivityManager(  393): START u0 {cmp=com.study.heguodong.app2/.MainActivity (has extras)} from uid 10087
07-27 11:23:38.522 I/zygote  ( 4185): After code cache collection, code=51KB, data=61KB
07-27 11:23:38.522 I/zygote  ( 4185): Increasing code cache capacity to 256KB
07-27 11:23:38.523 E/ActivityManager(  393): getPackageFerformanceMode--ComponentInfo{com.study.heguodong.app2/com.study.heguodong.app2.MainActivity}----com.study.heguodong.app2
07-27 11:23:38.537 I/GK      (  567): MSG_APP_TRANSITION_PENDING
07-27 11:23:38.537 I/GK      (  567): MSG_SET_TOP_APP_HIDES_STATUS_BAR --false
07-27 11:23:38.537 I/GK      (  567): MSG_TOP_APP_WINDOW_CHANGED
07-27 11:23:38.546 E/memtrack(  393): Couldn't load memtrack module
07-27 11:23:38.547 W/android.os.Debug(  393): failed to get memory consumption info: -1
07-27 11:23:38.549 E/ActivityManager(  393): getPackageFerformanceMode--ComponentInfo{com.study.heguodong.app2/com.study.heguodong.app2.MainActivity}----com.study.heguodong.app2
07-27 11:23:38.553 I/GK      (  567): MSG_APP_TRANSITION_PENDING
07-27 11:23:38.562 E/memtrack(  393): Couldn't load memtrack module
07-27 11:23:38.562 W/android.os.Debug(  393): failed to get memory consumption info: -1
07-27 11:23:38.570 I/GK      (  567): MSG_SET_TOP_APP_HIDES_STATUS_BAR --false
07-27 11:23:38.570 I/GK      (  567): MSG_TOP_APP_WINDOW_CHANGED
07-27 11:23:38.645 D/AndroidRuntime( 4095): Shutting down VM
--------- beginning of crash
07-27 11:23:38.656 E/AndroidRuntime( 4095): FATAL EXCEPTION: main
07-27 11:23:38.656 E/AndroidRuntime( 4095): Process: com.study.heguodong.app2, PID: 4095
07-27 11:23:38.656 E/AndroidRuntime( 4095): java.lang.RuntimeException: Unable to start activity ComponentInfo{com.study.heguodong.app2/com.study.heguodong.app2.MainActivity}: java.lang.RuntimeException: Parcelable encountered ClassNotFoundException reading a Serializable object (name = com.study.heguodong.Boom)
07-27 11:23:38.656 E/AndroidRuntime( 4095): 	at android.app.ActivityThread.performLaunchActivity(ActivityThread.java:2778)
07-27 11:23:38.656 E/AndroidRuntime( 4095): 	at android.app.ActivityThread.handleLaunchActivity(ActivityThread.java:2856)
07-27 11:23:38.656 E/AndroidRuntime( 4095): 	at android.app.ActivityThread.-wrap11(Unknown Source:0)
07-27 11:23:38.656 E/AndroidRuntime( 4095): 	at android.app.ActivityThread$H.handleMessage(ActivityThread.java:1589)
07-27 11:23:38.656 E/AndroidRuntime( 4095): 	at android.os.Handler.dispatchMessage(Handler.java:106)
07-27 11:23:38.656 E/AndroidRuntime( 4095): 	at android.os.Looper.loop(Looper.java:164)
07-27 11:23:38.656 E/AndroidRuntime( 4095): 	at android.app.ActivityThread.main(ActivityThread.java:6494)
07-27 11:23:38.656 E/AndroidRuntime( 4095): 	at java.lang.reflect.Method.invoke(Native Method)
07-27 11:23:38.656 E/AndroidRuntime( 4095): 	at com.android.internal.os.RuntimeInit$MethodAndArgsCaller.run(RuntimeInit.java:438)
07-27 11:23:38.656 E/AndroidRuntime( 4095): 	at com.android.internal.os.ZygoteInit.main(ZygoteInit.java:807)
07-27 11:23:38.656 E/AndroidRuntime( 4095): Caused by: java.lang.RuntimeException: Parcelable encountered ClassNotFoundException reading a Serializable object (name = com.study.heguodong.Boom)
07-27 11:23:38.656 E/AndroidRuntime( 4095): 	at android.os.Parcel.readSerializable(Parcel.java:3011)
07-27 11:23:38.656 E/AndroidRuntime( 4095): 	at android.os.Parcel.readValue(Parcel.java:2797)
07-27 11:23:38.656 E/AndroidRuntime( 4095): 	at android.os.Parcel.readArrayMapInternal(Parcel.java:3115)
07-27 11:23:38.656 E/AndroidRuntime( 4095): 	at android.os.BaseBundle.initializeFromParcelLocked(BaseBundle.java:273)
07-27 11:23:38.656 E/AndroidRuntime( 4095): 	at android.os.BaseBundle.unparcel(BaseBundle.java:226)
07-27 11:23:38.656 E/AndroidRuntime( 4095): 	at android.os.BaseBundle.get(BaseBundle.java:479)
07-27 11:23:38.656 E/AndroidRuntime( 4095): 	at com.study.heguodong.app2.MainActivity.onCreate(MainActivity.java:24)
07-27 11:23:38.656 E/AndroidRuntime( 4095): 	at android.app.Activity.performCreate(Activity.java:7026)
07-27 11:23:38.656 E/AndroidRuntime( 4095): 	at android.app.Activity.performCreate(Activity.java:7017)
07-27 11:23:38.656 E/AndroidRuntime( 4095): 	at android.app.Instrumentation.callActivityOnCreate(Instrumentation.java:1214)
07-27 11:23:38.656 E/AndroidRuntime( 4095): 	at android.app.ActivityThread.performLaunchActivity(ActivityThread.java:2731)
07-27 11:23:38.656 E/AndroidRuntime( 4095): 	... 9 more
07-27 11:23:38.656 E/AndroidRuntime( 4095): Caused by: java.lang.ClassNotFoundException: com.study.heguodong.Boom
07-27 11:23:38.656 E/AndroidRuntime( 4095): 	at java.lang.Class.classForName(Native Method)
07-27 11:23:38.656 E/AndroidRuntime( 4095): 	at java.lang.Class.forName(Class.java:453)
07-27 11:23:38.656 E/AndroidRuntime( 4095): 	at android.os.Parcel$2.resolveClass(Parcel.java:2997)
07-27 11:23:38.656 E/AndroidRuntime( 4095): 	at java.io.ObjectInputStream.readNonProxyDesc(ObjectInputStream.java:1616)
07-27 11:23:38.656 E/AndroidRuntime( 4095): 	at java.io.ObjectInputStream.readClassDesc(ObjectInputStream.java:1521)
07-27 11:23:38.656 E/AndroidRuntime( 4095): 	at java.io.ObjectInputStream.readOrdinaryObject(ObjectInputStream.java:1777)
07-27 11:23:38.656 E/AndroidRuntime( 4095): 	at java.io.ObjectInputStream.readObject0(ObjectInputStream.java:1354)
07-27 11:23:38.656 E/AndroidRuntime( 4095): 	at java.io.ObjectInputStream.readObject(ObjectInputStream.java:374)
07-27 11:23:38.656 E/AndroidRuntime( 4095): 	at android.os.Parcel.readSerializable(Parcel.java:3005)
07-27 11:23:38.656 E/AndroidRuntime( 4095): 	... 19 more
07-27 11:23:38.656 E/AndroidRuntime( 4095): Caused by: java.lang.ClassNotFoundException: Didn't find class "com.study.heguodong.Boom" on path: DexPathList[[zip file "/data/app/com.study.heguodong.app2-0IMCQZeY2sYlek-2nsx4sA==/base.apk"],nativeLibraryDirectories=[/data/app/com.study.heguodong.app2-0IMCQZeY2sYlek-2nsx4sA==/lib/arm, /system/lib, /vendor/lib]]
07-27 11:23:38.656 E/AndroidRuntime( 4095): 	at dalvik.system.BaseDexClassLoader.findClass(BaseDexClassLoader.java:125)
07-27 11:23:38.656 E/AndroidRuntime( 4095): 	at java.lang.ClassLoader.loadClass(ClassLoader.java:379)
07-27 11:23:38.656 E/AndroidRuntime( 4095): 	at java.lang.ClassLoader.loadClass(ClassLoader.java:312)
07-27 11:23:38.656 E/AndroidRuntime( 4095): 	... 28 more
07-27 11:23:38.667 W/asset   (  567): Asset path /data/app/com.study.heguodong.app2-VDQ_eibxDcJZMMEpVmwSJQ==/base.apk is neither a directory nor file (type=1).
07-27 11:23:38.667 E/ResourcesManager(  567): failed to add asset path /data/app/com.study.heguodong.app2-VDQ_eibxDcJZMMEpVmwSJQ==/base.apk
07-27 11:23:38.667 W/PackageManager(  567): Failure retrieving resources for com.study.heguodong.app2
07-27 11:23:38.667 W/ActivityManager(  393):   Force finishing activity com.study.heguodong.app2/.MainActivity
07-27 11:23:38.667 W/asset   (  567): Asset path /data/app/com.study.heguodong.app2-VDQ_eibxDcJZMMEpVmwSJQ==/base.apk is neither a directory nor file (type=1).
07-27 11:23:38.668 E/ResourcesManager(  567): failed to add asset path /data/app/com.study.heguodong.app2-VDQ_eibxDcJZMMEpVmwSJQ==/base.apk
07-27 11:23:38.668 W/PackageManager(  567): Failure retrieving resources for com.study.heguodong.app2
07-27 11:23:38.670 W/ActivityManager(  393):   Force finishing activity com.study.heguodong/.MainActivity
07-27 11:23:38.677 I/GK      (  567): MSG_APP_TRANSITION_PENDING
07-27 11:23:38.677 I/GK      (  567): MSG_SET_TOP_APP_HIDES_STATUS_BAR --false
07-27 11:23:38.677 I/GK      (  567): MSG_TOP_APP_WINDOW_CHANGED
07-27 11:23:38.696 I/Process ( 4095): Sending signal. PID: 4095 SIG: 9
07-27 11:23:38.779 W/asset   (  567): Asset path /data/app/com.study.heguodong.app2-VDQ_eibxDcJZMMEpVmwSJQ==/base.apk is neither a directory nor file (type=1).
07-27 11:23:38.779 E/ResourcesManager(  567): failed to add asset path /data/app/com.study.heguodong.app2-VDQ_eibxDcJZMMEpVmwSJQ==/base.apk
07-27 11:23:38.779 W/PackageManager(  567): Failure retrieving resources for com.study.heguodong.app2
07-27 11:23:38.780 W/asset   (  567): Asset path /data/app/com.study.heguodong.app2-VDQ_eibxDcJZMMEpVmwSJQ==/base.apk is neither a directory nor file (type=1).
07-27 11:23:38.780 E/ResourcesManager(  567): failed to add asset path /data/app/com.study.heguodong.app2-VDQ_eibxDcJZMMEpVmwSJQ==/base.apk
07-27 11:23:38.780 W/PackageManager(  567): Failure retrieving resources for com.study.heguodong.app2
07-27 11:23:38.803 W/InputDispatcher(  393): channel '6581d50 com.study.heguodong.app2/com.study.heguodong.app2.MainActivity (server)' ~ Consumer closed input channel or an error occurred.  events=0x9
07-27 11:23:38.803 E/InputDispatcher(  393): channel '6581d50 com.study.heguodong.app2/com.study.heguodong.app2.MainActivity (server)' ~ Channel is unrecoverably broken and will be disposed!
07-27 11:23:38.815 I/WindowManager(  393): WIN DEATH: Window{6581d50 u0 com.study.heguodong.app2/com.study.heguodong.app2.MainActivity}
07-27 11:23:38.816 W/InputDispatcher(  393): Attempted to unregister already unregistered input channel '6581d50 com.study.heguodong.app2/com.study.heguodong.app2.MainActivity (server)'
07-27 11:23:38.816 I/ActivityManager(  393): Process com.study.heguodong.app2 (pid 4095) has died: fore TOP 
07-27 11:23:38.817 W/system_server(  393): kill(-4095, 9) failed: No such process
07-27 11:23:38.818 I/system_server(  393): Successfully killed process cgroup uid 10086 pid 4095 in 1ms
07-27 11:23:38.820 E/ActivityManager(  393): getPackageFerformanceMode--ComponentInfo{com.study.heguodong.app2/com.study.heguodong.app2.MainActivity}----com.study.heguodong.app2
07-27 11:23:38.824 I/GK      (  567): MSG_SET_TOP_APP_HIDES_STATUS_BAR --false
07-27 11:23:38.829 I/GK      (  567): MSG_APP_TRANSITION_PENDING
07-27 11:23:38.839 E/memtrack(  393): Couldn't load memtrack module
07-27 11:23:38.839 W/android.os.Debug(  393): failed to get memory consumption info: -1
07-27 11:23:38.839 I/ActivityManager(  393): Start proc 4375:com.study.heguodong.app2/u0a86 for activity com.study.heguodong.app2/.MainActivity
07-27 11:23:38.846 I/zygote  ( 4375): Late-enabling -Xcheck:jni
07-27 11:23:38.848 W/ActivityManager(  393): setHasOverlayUi called on unknown pid: 4095
07-27 11:23:38.859 I/GK      (  567): MSG_SET_TOP_APP_HIDES_STATUS_BAR --false
07-27 11:23:38.860 I/GK      (  567): MSG_TOP_APP_WINDOW_CHANGED
07-27 11:23:38.875 I/GK      (  567): MSG_SET_TOP_APP_HIDES_STATUS_BAR --false
07-27 11:23:38.875 I/GK      (  567): MSG_TOP_APP_WINDOW_CHANGED
07-27 11:23:38.889 I/[Gralloc](  259): Got fd 12 for handle 1
07-27 11:23:38.891 I/[Gralloc](  259): leave, w : 1920, h : 1080, format : 0x1,internal_format : 0x1, usage : 0x933. size=8294400,pixel_stride=1920,byte_stride=7680
07-27 11:23:38.891 I/[Gralloc](  259): leave: prime_fd=12,share_attr_fd=13
07-27 11:23:38.891 I/[Gralloc](  269): Got handle 17 for fd 146
07-27 11:23:38.891 I/[Gralloc](  269): leave, w : 1920, h : 1080, format : 0x1,internal_format : 0x1, usage : 0x933. size=8294400,pixel_stride=1920,byte_stride=7680
07-27 11:23:38.891 I/[Gralloc](  269): leave: prime_fd=146,share_attr_fd=151
07-27 11:23:38.892 I/[Gralloc](  393): Got handle 4 for fd 260
07-27 11:23:38.892 I/[Gralloc](  393): leave, w : 1920, h : 1080, format : 0x1,internal_format : 0x1, usage : 0x933. size=8294400,pixel_stride=1920,byte_stride=7680
07-27 11:23:38.892 I/[Gralloc](  393): leave: prime_fd=260,share_attr_fd=261
07-27 11:23:38.925 I/GK      (  567): MSG_SET_TOP_APP_HIDES_STATUS_BAR --false
07-27 11:23:38.925 I/GK      (  567): MSG_TOP_APP_WINDOW_CHANGED
07-27 11:23:38.939 I/GK      (  567): MSG_SET_TOP_APP_HIDES_STATUS_BAR --false
07-27 11:23:38.939 I/GK      (  567): MSG_TOP_APP_WINDOW_CHANGED
07-27 11:23:38.947 I/GK      (  567): MSG_SET_TOP_APP_HIDES_STATUS_BAR --false
07-27 11:23:38.950 I/GK      (  567): MSG_APP_TRANSITION_STARTING
07-27 11:23:38.952 I/GK      (  567): MSG_SET_TOP_APP_HIDES_STATUS_BAR --false
07-27 11:23:38.956 I/GK      (  567): MSG_SET_TOP_APP_HIDES_STATUS_BAR --false
07-27 11:23:38.957 I/GK      (  567): MSG_TOP_APP_WINDOW_CHANGED
07-27 11:23:38.961 I/GK      (  567): MSG_SET_TOP_APP_HIDES_STATUS_BAR --false
07-27 11:23:38.969 I/GK      (  567): MSG_TOP_APP_WINDOW_CHANGED
07-27 11:23:38.978 I/[Gralloc](  260): Got handle 18 for fd 41
07-27 11:23:38.978 I/[Gralloc](  260): leave, w : 1920, h : 1080, format : 0x1,internal_format : 0x1, usage : 0x933. size=8294400,pixel_stride=1920,byte_stride=7680
07-27 11:23:38.978 I/[Gralloc](  260): leave: prime_fd=41,share_attr_fd=80
07-27 11:23:39.006 E/BufferQueueProducer(  269): [com.study.heguodong/com.study.heguodong.MainActivity#0] disconnect: not connected (req=1)
07-27 11:23:39.006 W/libEGL  ( 4185): EGLNativeWindowType 0xb016e008 disconnect failed
07-27 11:23:39.006 D/OpenGLRenderer( 4185): endAllActiveAnimators on 0x95deea00 (RippleDrawable) with handle 0x95a796d0
07-27 11:23:39.032 I/GK      (  567): MSG_SET_TOP_APP_HIDES_STATUS_BAR --false
07-27 11:23:39.032 I/GK      (  567): MSG_TOP_APP_WINDOW_CHANGED
07-27 11:23:39.105 E/memtrack(  393): Couldn't load memtrack module
07-27 11:23:39.105 W/android.os.Debug(  393): failed to get memory consumption info: -1
07-27 11:23:39.166 E/heguodong( 4375): ---------------------  201808191304 22222222--------------------- 未传递过来数据 ---------------------
07-27 11:23:39.198 I/GK      (  567): MSG_APP_TRANSITION_FINISHED
07-27 11:23:39.203 D/OpenGLRenderer( 4375): HWUI GL Pipeline
07-27 11:23:39.214 I/GK      (  567): MSG_SET_TOP_APP_HIDES_STATUS_BAR --false
07-27 11:23:39.215 I/GK      (  567): MSG_TOP_APP_WINDOW_CHANGED
07-27 11:23:39.248 I/GK      (  567): MSG_SET_TOP_APP_HIDES_STATUS_BAR --false
07-27 11:23:39.249 I/GK      (  567): MSG_TOP_APP_WINDOW_CHANGED
07-27 11:23:39.251 I/GK      (  567): MSG_TOP_APP_WINDOW_CHANGED
07-27 11:23:39.252 I/GK      (  567): MSG_SET_TOP_APP_HIDES_STATUS_BAR --false
07-27 11:23:39.252 I/GK      (  567): MSG_TOP_APP_WINDOW_CHANGED
07-27 11:23:39.258 I/mali_so ( 4375): [File] : hardware/rockchip/mali/mali_so_src_of_midgard/driver/product/base/src/mali_base_kbase.c; [Line] : 876; [Func] : base_context_deal_with_version_affairs_rk_ext;
07-27 11:23:39.258 I/mali_so ( 4375): arm_release_ver of this mali_so is 'r18p0-01rel0', rk_so_ver is '9@0'.
07-27 11:23:39.259 D/mali_so ( 4375): [File] : hardware/rockchip/mali/mali_so_src_of_midgard/driver/product/base/src/mali_base_kbase.c; [Line] : 881; [Func] : base_context_deal_with_version_affairs_rk_ext;
07-27 11:23:39.259 D/mali_so ( 4375): current process is NOT sf, to bail out.
07-27 11:23:39.271 I/[Gralloc](  259): Got fd 12 for handle 1
07-27 11:23:39.272 I/[Gralloc](  259): leave, w : 1920, h : 1080, format : 0x1,internal_format : 0x1, usage : 0x900. size=8294400,pixel_stride=1920,byte_stride=7680
07-27 11:23:39.272 I/[Gralloc](  259): leave: prime_fd=12,share_attr_fd=13
07-27 11:23:39.272 I/[Gralloc](  269): Got handle 10 for fd 136
07-27 11:23:39.272 I/[Gralloc](  269): leave, w : 1920, h : 1080, format : 0x1,internal_format : 0x1, usage : 0x900. size=8294400,pixel_stride=1920,byte_stride=7680
07-27 11:23:39.272 I/[Gralloc](  269): leave: prime_fd=136,share_attr_fd=138
07-27 11:23:39.277 I/com.study.heguodong.app2( 4375): android::hardware::configstore::V1_0::ISurfaceFlingerConfigs::hasWideColorDisplay retrieved: 0
07-27 11:23:39.278 I/OpenGLRenderer( 4375): Initialized EGL, version 1.4
07-27 11:23:39.278 D/OpenGLRenderer( 4375): Swap behavior 0
07-27 11:23:39.289 I/[Gralloc](  259): Got fd 12 for handle 1
07-27 11:23:39.290 I/[Gralloc](  259): leave, w : 1920, h : 1080, format : 0x1,internal_format : 0x1, usage : 0x900. size=8294400,pixel_stride=1920,byte_stride=7680
07-27 11:23:39.290 I/[Gralloc](  259): leave: prime_fd=12,share_attr_fd=13
07-27 11:23:39.291 I/[Gralloc](  269): Got handle 11 for fd 115
07-27 11:23:39.291 I/[Gralloc](  269): leave, w : 1920, h : 1080, format : 0x1,internal_format : 0x1, usage : 0x900. size=8294400,pixel_stride=1920,byte_stride=7680
07-27 11:23:39.291 I/[Gralloc](  269): leave: prime_fd=115,share_attr_fd=117
07-27 11:23:39.297 E/memtrack(  393): Couldn't load memtrack module
07-27 11:23:39.297 W/android.os.Debug(  393): failed to get memory consumption info: -1
07-27 11:23:39.303 I/[Gralloc](  259): Got fd 12 for handle 1
07-27 11:23:39.305 I/[Gralloc](  259): leave, w : 1920, h : 1080, format : 0x1,internal_format : 0x1, usage : 0x900. size=8294400,pixel_stride=1920,byte_stride=7680
07-27 11:23:39.305 I/[Gralloc](  259): leave: prime_fd=12,share_attr_fd=13
07-27 11:23:39.305 I/[Gralloc](  269): Got handle 18 for fd 140
07-27 11:23:39.305 I/[Gralloc](  269): leave, w : 1920, h : 1080, format : 0x1,internal_format : 0x1, usage : 0x900. size=8294400,pixel_stride=1920,byte_stride=7680
07-27 11:23:39.305 I/[Gralloc](  269): leave: prime_fd=140,share_attr_fd=141
07-27 11:23:39.317 I/[Gralloc](  259): Got fd 12 for handle 1
07-27 11:23:39.319 I/[Gralloc](  259): leave, w : 1920, h : 1080, format : 0x1,internal_format : 0x1, usage : 0x900. size=8294400,pixel_stride=1920,byte_stride=7680
07-27 11:23:39.319 I/[Gralloc](  259): leave: prime_fd=12,share_attr_fd=13
07-27 11:23:39.319 I/[Gralloc](  269): Got handle 20 for fd 154
07-27 11:23:39.319 I/[Gralloc](  269): leave, w : 1920, h : 1080, format : 0x1,internal_format : 0x1, usage : 0x900. size=8294400,pixel_stride=1920,byte_stride=7680
07-27 11:23:39.319 I/[Gralloc](  269): leave: prime_fd=154,share_attr_fd=155
07-27 11:23:39.320 D/mali_winsys( 4375): EGLint new_window_surface(egl_winsys_display *, void *, EGLSurface, EGLConfig, egl_winsys_surface **, egl_color_buffer_format *, EGLBoolean) returns 0x3000
07-27 11:23:39.336 I/GK      (  567): MSG_APP_TRANSITION_FINISHED
07-27 11:23:39.336 I/GK      (  567): MSG_SET_TOP_APP_HIDES_STATUS_BAR --false
07-27 11:23:39.336 I/GK      (  567): MSG_TOP_APP_WINDOW_CHANGED
07-27 11:23:39.354 I/GK      (  567): MSG_SHOW_IME_BUTTON
07-27 11:23:39.387 I/[Gralloc](  259): Got fd 12 for handle 1
07-27 11:23:39.388 I/[Gralloc](  259): leave, w : 1920, h : 1080, format : 0x1,internal_format : 0x1, usage : 0xb00. size=8294400,pixel_stride=1920,byte_stride=7680
07-27 11:23:39.389 I/[Gralloc](  259): leave: prime_fd=12,share_attr_fd=13
07-27 11:23:39.389 I/[Gralloc](  269): Got handle 20 for fd 157
07-27 11:23:39.389 I/[Gralloc](  269): leave, w : 1920, h : 1080, format : 0x1,internal_format : 0x1, usage : 0xb00. size=8294400,pixel_stride=1920,byte_stride=7680
07-27 11:23:39.389 I/[Gralloc](  269): leave: prime_fd=157,share_attr_fd=158
07-27 11:23:39.392 I/[Gralloc]( 4375): Got handle 1 for fd 56
07-27 11:23:39.392 I/[Gralloc]( 4375): leave, w : 1920, h : 1080, format : 0x1,internal_format : 0x1, usage : 0xb00. size=8294400,pixel_stride=1920,byte_stride=7680
07-27 11:23:39.392 I/[Gralloc]( 4375): leave: prime_fd=56,share_attr_fd=57
07-27 11:23:39.404 I/GK      (  567): MSG_SET_TOP_APP_HIDES_STATUS_BAR --false
07-27 11:23:39.404 I/GK      (  567): MSG_TOP_APP_WINDOW_CHANGED
07-27 11:23:39.408 I/GK      (  567): MSG_SET_TOP_APP_HIDES_STATUS_BAR --false
07-27 11:23:39.409 I/GK      (  567): MSG_SET_TOP_APP_HIDES_STATUS_BAR --false
07-27 11:23:39.409 I/GK      (  567): MSG_TOP_APP_WINDOW_CHANGED
07-27 11:23:39.411 I/ActivityManager(  393): Displayed com.study.heguodong.app2/.MainActivity: +582ms (total +855ms)
07-27 11:23:39.421 I/GK      (  567): MSG_SET_TOP_APP_HIDES_STATUS_BAR --false
07-27 11:23:39.421 I/GK      (  567): MSG_TOP_APP_WINDOW_CHANGED
07-27 11:23:39.426 I/GK      (  567): MSG_SET_TOP_APP_HIDES_STATUS_BAR --false
07-27 11:23:39.426 I/GK      (  567): MSG_TOP_APP_WINDOW_CHANGED
07-27 11:23:39.450 I/[Gralloc](  260): Got handle 6 for fd 51
07-27 11:23:39.450 I/[Gralloc](  260): leave, w : 1920, h : 1080, format : 0x1,internal_format : 0x1, usage : 0xb00. size=8294400,pixel_stride=1920,byte_stride=7680
07-27 11:23:39.450 I/[Gralloc](  260): leave: prime_fd=51,share_attr_fd=52
07-27 11:23:39.529 E/memtrack(  393): Couldn't load memtrack module
07-27 11:23:39.529 W/android.os.Debug(  393): failed to get memory consumption info: -1
07-27 11:23:39.594 I/GK      (  567): MSG_SET_TOP_APP_HIDES_STATUS_BAR --false
07-27 11:23:39.594 I/GK      (  567): MSG_TOP_APP_WINDOW_CHANGED
07-27 11:23:39.598 I/GK      (  567): MSG_SET_TOP_APP_HIDES_STATUS_BAR --false
07-27 11:23:39.599 I/GK      (  567): MSG_TOP_APP_WINDOW_CHANGED
07-27 11:23:39.800 E/memtrack(  393): Couldn't load memtrack module
07-27 11:23:39.800 W/android.os.Debug(  393): failed to get memory consumption info: -1
07-27 11:23:40.036 E/memtrack(  393): Couldn't load memtrack module
07-27 11:23:40.036 W/android.os.Debug(  393): failed to get memory consumption info: -1
07-27 11:23:40.316 E/memtrack(  393): Couldn't load memtrack module
07-27 11:23:40.316 W/android.os.Debug(  393): failed to get memory consumption info: -1
07-27 11:23:40.567 E/memtrack(  393): Couldn't load memtrack module
07-27 11:23:40.568 W/android.os.Debug(  393): failed to get memory consumption info: -1
07-27 11:23:40.807 E/memtrack(  393): Couldn't load memtrack module
07-27 11:23:40.807 W/android.os.Debug(  393): failed to get memory consumption info: -1
07-27 11:23:41.068 E/memtrack(  393): Couldn't load memtrack module
07-27 11:23:41.068 W/android.os.Debug(  393): failed to get memory consumption info: -1
07-27 11:23:41.311 E/memtrack(  393): Couldn't load memtrack module
07-27 11:23:41.311 W/android.os.Debug(  393): failed to get memory consumption info: -1
07-27 11:23:41.584 E/memtrack(  393): Couldn't load memtrack module
07-27 11:23:41.584 W/android.os.Debug(  393): failed to get memory consumption info: -1
07-27 11:23:41.825 E/memtrack(  393): Couldn't load memtrack module
07-27 11:23:41.825 W/android.os.Debug(  393): failed to get memory consumption info: -1
07-27 11:23:42.079 E/memtrack(  393): Couldn't load memtrack module
07-27 11:23:42.079 W/android.os.Debug(  393): failed to get memory consumption info: -1
07-27 11:23:42.312 E/memtrack(  393): Couldn't load memtrack module
07-27 11:23:42.312 W/android.os.Debug(  393): failed to get memory consumption info: -1
07-27 11:23:42.560 E/memtrack(  393): Couldn't load memtrack module
07-27 11:23:42.560 W/android.os.Debug(  393): failed to get memory consumption info: -1
07-27 11:23:42.828 E/memtrack(  393): Couldn't load memtrack module
07-27 11:23:42.828 W/android.os.Debug(  393): failed to get memory consumption info: -1
07-27 11:23:43.075 E/memtrack(  393): Couldn't load memtrack module
07-27 11:23:43.075 W/android.os.Debug(  393): failed to get memory consumption info: -1
07-27 11:23:43.311 E/memtrack(  393): Couldn't load memtrack module
07-27 11:23:43.311 W/android.os.Debug(  393): failed to get memory consumption info: -1
07-27 11:23:43.580 E/memtrack(  393): Couldn't load memtrack module
07-27 11:23:43.580 W/android.os.Debug(  393): failed to get memory consumption info: -1
07-27 11:23:43.820 E/memtrack(  393): Couldn't load memtrack module
07-27 11:23:43.820 W/android.os.Debug(  393): failed to get memory consumption info: -1
07-27 11:23:44.015 E/memtrack(  393): Couldn't load memtrack module
07-27 11:23:44.015 W/android.os.Debug(  393): failed to get memory consumption info: -1
07-27 11:23:44.333 E/memtrack(  393): Couldn't load memtrack module
07-27 11:23:44.333 W/android.os.Debug(  393): failed to get memory consumption info: -1
07-27 11:23:44.579 E/memtrack(  393): Couldn't load memtrack module
07-27 11:23:44.579 W/android.os.Debug(  393): failed to get memory consumption info: -1
07-27 11:23:44.823 E/memtrack(  393): Couldn't load memtrack module
07-27 11:23:44.823 W/android.os.Debug(  393): failed to get memory consumption info: -1
07-27 11:23:45.089 E/memtrack(  393): Couldn't load memtrack module
07-27 11:23:45.089 W/android.os.Debug(  393): failed to get memory consumption info: -1
07-27 11:23:45.309 E/memtrack(  393): Couldn't load memtrack module
07-27 11:23:45.309 W/android.os.Debug(  393): failed to get memory consumption info: -1
07-27 11:23:45.572 E/memtrack(  393): Couldn't load memtrack module
07-27 11:23:45.572 W/android.os.Debug(  393): failed to get memory consumption info: -1
07-27 11:23:45.813 E/memtrack(  393): Couldn't load memtrack module
07-27 11:23:45.813 W/android.os.Debug(  393): failed to get memory consumption info: -1
07-27 11:23:46.073 E/memtrack(  393): Couldn't load memtrack module
07-27 11:23:46.073 W/android.os.Debug(  393): failed to get memory consumption info: -1
07-27 11:23:46.319 E/memtrack(  393): Couldn't load memtrack module
07-27 11:23:46.319 W/android.os.Debug(  393): failed to get memory consumption info: -1
07-27 11:23:46.566 E/memtrack(  393): Couldn't load memtrack module
07-27 11:23:46.566 W/android.os.Debug(  393): failed to get memory consumption info: -1
07-27 11:23:46.818 E/memtrack(  393): Couldn't load memtrack module
07-27 11:23:46.818 W/android.os.Debug(  393): failed to get memory consumption info: -1
07-27 11:23:47.083 E/memtrack(  393): Couldn't load memtrack module
07-27 11:23:47.083 W/android.os.Debug(  393): failed to get memory consumption info: -1
07-27 11:23:47.327 E/memtrack(  393): Couldn't load memtrack module
07-27 11:23:47.327 W/android.os.Debug(  393): failed to get memory consumption info: -1
